Microchip MPLAB XC8 Compiler V2.31

Linker command line:

-W-3 --edf=C:\Program Files\Microchip\xc8\v2.31\pic\dat\en_msgs.txt -cn \
  -h+dist/default/production\Esclavo2.X.production.sym \
  --cmf=dist/default/production\Esclavo2.X.production.cmf -z -Q16F887 \
  -oC:\Users\emili\AppData\Local\Temp\sbas.2 --defsym=__MPLAB_BUILD=1 \
  -Mdist/default/production/Esclavo2.X.production.map -E1 -ver=XC8 Compiler \
  --acfsm=1493 -ASTACK=0110h-016Fh -pstack=STACK -ACODE=00h-07FFhx4 \
  -ASTRCODE=00h-01FFFh -ASTRING=00h-0FFhx32 -ACONST=00h-0FFhx32 \
  -AENTRY=00h-0FFhx32 -ACOMMON=070h-07Fh -ABANK0=020h-06Fh \
  -ABANK1=0A0h-0EFh -ABANK2=0110h-016Fh -ABANK3=0190h-01EFh \
  -ARAM=020h-06Fh,0A0h-0EFh,0110h-016Fh,0190h-01EFh \
  -AABS1=020h-07Fh,0A0h-0EFh,0110h-016Fh,0190h-01EFh -ASFR0=00h-01Fh \
  -ASFR1=080h-09Fh -ASFR2=0100h-010Fh -ASFR3=0180h-018Fh \
  -ACONFIG=02007h-02008h -DCONFIG=2 -AIDLOC=02000h-02003h -DIDLOC=2 \
  -AEEDATA=00h-0FFh/02100h -peeprom_data=EEDATA -DEEDATA=2 -DCODE=2 \
  -DSTRCODE=2 -DSTRING=2 -DCONST=2 -DENTRY=2 \
  -preset_vec=00h,intentry=04h,init,end_init -ppowerup=CODE -pcinit=CODE \
  -pfunctab=ENTRY -k C:\Users\emili\AppData\Local\Temp\sbas.o \
  dist/default/production\Esclavo2.X.production.o 

Object code version is 3.11

Machine type is 16F887



                Name                               Link     Load   Length Selector   Space Scale
C:\Users\emili\AppData\Local\Temp\sbas.o
                end_init                              E        E        3        8       0
                reset_vec                             0        0        3        0       0
                config                             2007     2007        2        0       4
dist/default/production\Esclavo2.X.production.o
                cinit                                11       11        B        8       0
                intentry                              4        4        A        8       0
                config                             2007     2007        2        0       4
                text9                               37D      37D       BA        8       0
                text8                               513      513       4B        8       0
                text7                               5BB      5BB       12        8       0
                text6                               587      587       21        8       0
                text5                               5A8      5A8       13        8       0
                text4                               5CD      5CD       10        8       0
                text3                               55E      55E       29        8       0
                text2                                1C       1C      361        8       0
                text1                               437      437       7C        8       0
                maintext                            4B3      4B3       60        8       0
                cstackBANK0                          20       20       34       20       1
                cstackCOMMON                         70       70        E       70       1
                bssBANK0                             54       54        5       20       1
                nvBANK0                              59       59        2       20       1

TOTAL           Name                               Link     Load   Length     Space
        CLASS   STACK          

        CLASS   CODE           
                end_init                              E        E        3         0
                cinit                                11       11        B         0
                intentry                              4        4        A         0
                reset_vec                             0        0        3         0
                text9                               37D      37D       BA         0
                text8                               513      513       4B         0
                text7                               5BB      5BB       12         0
                text6                               587      587       21         0
                text5                               5A8      5A8       13         0
                text4                               5CD      5CD       10         0
                text3                               55E      55E       29         0
                text2                                1C       1C      361         0
                text1                               437      437       7C         0
                maintext                            4B3      4B3       60         0

        CLASS   STRCODE        

        CLASS   STRING         

        CLASS   CONST          

        CLASS   ENTRY          

        CLASS   COMMON         
                cstackCOMMON                         70       70        E         1

        CLASS   BANK0          
                cstackBANK0                          20       20       34         1
                bssBANK0                             54       54        5         1
                nvBANK0                              59       59        2         1

        CLASS   BANK1          

        CLASS   BANK2          

        CLASS   BANK3          

        CLASS   RAM            

        CLASS   ABS1           
                abs_s1                               7E       7E        2         1

        CLASS   SFR0           

        CLASS   SFR1           

        CLASS   SFR2           

        CLASS   SFR3           

        CLASS   CONFIG         
                config                             2007     2007        2         4

        CLASS   IDLOC          

        CLASS   EEDATA         



SEGMENTS        Name                           Load    Length   Top    Selector   Space  Class     Delta

                reset_vec                      000000  000003  000003         0       0  CODE        2
                intentry                       000004  0005D9  0005DD         8       0  CODE        2
                cstackBANK0                    000020  00003B  00005B        20       1  BANK0       1
                cstackCOMMON                   000070  00000E  00007E        70       1  COMMON      1


UNUSED ADDRESS RANGES

        Name                Unused          Largest block    Delta
        BANK0            005B-006F             15           1
        BANK1            00A0-00EF             50           1
        BANK2            0110-016F             60           1
        BANK3            0190-01EF             60           1
        CODE             0003-0003              1           2
                         05DD-1FFF            800
        CONST            0003-0003              1           2
                         05DD-1FFF            100
        EEDATA           2100-21FF            100           2
        ENTRY            0003-0003              1           2
                         05DD-1FFF            100
        IDLOC            2000-2003              4           2
        RAM              005B-006F             15           1
                         00A0-00EF             50
                         0110-016F             60
                         0190-01EF             60
        SFR0             0000-001F             20           1
        SFR1             0080-009F             20           1
        SFR2             0100-010F             10           1
        SFR3             0180-018F             10           1
        STACK            0110-016F             60           1
        STRCODE          0003-0003              1           2
                         05DD-1FFF           1A23
        STRING           0003-0003              1           2
                         05DD-1FFF            100

                                  Symbol Table

?__Umul8_16                        cstackBANK0  0026
?___flmul                          cstackBANK0  002F
?___fltol                          cstackBANK0  0049
?___xxtofl                         cstackCOMMON 0070
_ADCON0                            (abs)        001F
_ADCON0bits                        (abs)        001F
_ADCON1                            (abs)        009F
_ADC_Initialize                    text7        05BB
_ADRESH                            (abs)        001E
_ADRESL                            (abs)        009E
_ANSEL                             (abs)        0188
_ANSELH                            (abs)        0189
_INTCONbits                        (abs)        000B
_IOCB                              (abs)        0096
_PIE1bits                          (abs)        008C
_PIR1bits                          (abs)        000C
_PORTA                             (abs)        0005
_PORTB                             (abs)        0006
_PORTD                             (abs)        0008
_PORTE                             (abs)        0009
_PORTS_MANAGER_Initialize          text6        0587
_SPI_MANAGER_Initialize            text5        05A8
_SSPBUF                            (abs)        0013
_SSPCON                            (abs)        0014
_SSPSTAT                           (abs)        0094
_SSPSTATbits                       (abs)        0094
_SYSTEM_Initialize                 text4        05CD
_TRISAbits                         (abs)        0085
_TRISB                             (abs)        0086
_TRISCbits                         (abs)        0087
_TRISD                             (abs)        0088
_TRISE                             (abs)        0089
__Habs1                            abs1         0000
__Hbank0                           bank0        0000
__Hbank1                           bank1        0000
__Hbank2                           bank2        0000
__Hbank3                           bank3        0000
__HbssBANK0                        bssBANK0     0000
__Hcinit                           cinit        001C
__Hclrtext                         clrtext      0000
__Hcode                            code         0000
__Hcommon                          common       0000
__Hconfig                          config       2009
__HcstackBANK0                     cstackBANK0  0000
__HcstackCOMMON                    cstackCOMMON 0000
__Heeprom_data                     eeprom_data  0000
__Hend_init                        end_init     0011
__Hfunctab                         functab      0000
__Hinit                            init         000E
__Hintentry                        intentry     000E
__Hmaintext                        maintext     0000
__HnvBANK0                         nvBANK0      0000
__Hpowerup                         powerup      0000
__Hram                             ram          0000
__Hreset_vec                       reset_vec    0003
__Hsfr0                            sfr0         0000
__Hsfr1                            sfr1         0000
__Hsfr2                            sfr2         0000
__Hsfr3                            sfr3         0000
__Hspace_0                         (abs)        05DD
__Hspace_1                         (abs)        007E
__Hspace_2                         (abs)        0000
__Hspace_3                         (abs)        0000
__Hspace_4                         (abs)        4010
__Hstack                           stack        0000
__Hstrings                         strings      0000
__Htext                            text         0000
__Labs1                            abs1         0000
__Lbank0                           bank0        0000
__Lbank1                           bank1        0000
__Lbank2                           bank2        0000
__Lbank3                           bank3        0000
__LbssBANK0                        bssBANK0     0000
__Lcinit                           cinit        0011
__Lclrtext                         clrtext      0000
__Lcode                            code         0000
__Lcommon                          common       0000
__Lconfig                          config       0000
__LcstackBANK0                     cstackBANK0  0000
__LcstackCOMMON                    cstackCOMMON 0000
__Leeprom_data                     eeprom_data  0000
__Lend_init                        end_init     000E
__Lfunctab                         functab      0000
__Linit                            init         000E
__Lintentry                        intentry     0004
__Lmaintext                        maintext     0000
__LnvBANK0                         nvBANK0      0000
__Lpowerup                         powerup      0000
__Lram                             ram          0000
__Lreset_vec                       reset_vec    0000
__Lsfr0                            sfr0         0000
__Lsfr1                            sfr1         0000
__Lsfr2                            sfr2         0000
__Lsfr3                            sfr3         0000
__Lspace_0                         (abs)        0000
__Lspace_1                         (abs)        0000
__Lspace_2                         (abs)        0000
__Lspace_3                         (abs)        0000
__Lspace_4                         (abs)        0000
__Lstack                           stack        0000
__Lstrings                         strings      0000
__Ltext                            text         0000
__S0                               (abs)        05DD
__S1                               (abs)        007E
__S2                               (abs)        0000
__S3                               (abs)        0000
__Umul8_16                         text3        055E
__Umul8_16@multiplicand            cstackBANK0  0026
__Umul8_16@multiplier              cstackBANK0  002E
__Umul8_16@product                 cstackBANK0  002A
__Umul8_16@word_mpld               cstackBANK0  002C
___flmul                           text2        001C
___flmul@a                         cstackBANK0  0033
___flmul@aexp                      cstackBANK0  0041
___flmul@b                         cstackBANK0  002F
___flmul@bexp                      cstackBANK0  0042
___flmul@grs                       cstackBANK0  003D
___flmul@prod                      cstackBANK0  0043
___flmul@sign                      cstackBANK0  003C
___flmul@temp                      cstackBANK0  0047
___fltol                           text1        0437
___fltol@exp1                      cstackBANK0  0053
___fltol@f1                        cstackBANK0  0049
___fltol@sign1                     cstackBANK0  0052
___int_sp                          stack        0000
___latbits                         (abs)        0002
___sp                              stack        0000
___stackhi                         (abs)        0000
___stacklo                         (abs)        0000
___xxtofl                          text9        037D
___xxtofl@arg                      cstackCOMMON 007A
___xxtofl@exp                      cstackCOMMON 0079
___xxtofl@sign                     cstackCOMMON 0078
___xxtofl@val                      cstackCOMMON 0070
__end_of_ADC_Initialize            text7        05CD
__end_of_PORTS_MANAGER_Initialize  text6        05A8
__end_of_SPI_MANAGER_Initialize    text5        05BB
__end_of_SYSTEM_Initialize         text4        05DD
__end_of__Umul8_16                 text3        0587
__end_of___flmul                   text2        037D
__end_of___fltol                   text1        04B3
__end_of___xxtofl                  text9        0437
__end_of__initialization           cinit        0018
__end_of_main                      maintext     0513
__end_of_myISR                     text8        055E
__initialization                   cinit        0011
__pbssBANK0                        bssBANK0     0054
__pcstackBANK0                     cstackBANK0  0020
__pcstackCOMMON                    cstackCOMMON 0070
__pintentry                        intentry     0004
__pmaintext                        maintext     04B3
__pnvBANK0                         nvBANK0      0059
__ptext1                           text1        0437
__ptext2                           text2        001C
__ptext3                           text3        055E
__ptext4                           text4        05CD
__ptext5                           text5        05A8
__ptext6                           text6        0587
__ptext7                           text7        05BB
__ptext8                           text8        0513
__ptext9                           text9        037D
__size_of_ADC_Initialize           (abs)        0000
__size_of_PORTS_MANAGER_Initialize (abs)        0000
__size_of_SPI_MANAGER_Initialize   (abs)        0000
__size_of_SYSTEM_Initialize        (abs)        0000
__size_of__Umul8_16                (abs)        0000
__size_of___flmul                  (abs)        0000
__size_of___fltol                  (abs)        0000
__size_of___xxtofl                 (abs)        0000
__size_of_main                     (abs)        0000
__size_of_myISR                    (abs)        0000
_main                              maintext     04B3
_myISR                             text8        0513
_read_value                        bssBANK0     0058
_temperature                       nvBANK0      0059
_temperature_float                 bssBANK0     0054
btemp                              (abs)        007E
end_of_initialization              cinit        0018
interrupt_function                 intentry     0004
intlevel0                          functab      0000
intlevel1                          functab      0000
intlevel2                          functab      0000
intlevel3                          functab      0000
intlevel4                          functab      0000
intlevel5                          functab      0000
reset_vec                          reset_vec    0000
saved_w                            (abs)        007E
start                              init         000E
start_initialization               cinit        0011
wtemp0                             (abs)        007E


FUNCTION INFORMATION:

 *************** function _main *****************
 Defined at:
		line 54 in file "main.c"
 Parameters:    Size  Location     Type
		None
 Auto vars:     Size  Location     Type
		None
 Return value:  Size  Location     Type
                  1    wreg      void 
 Registers used:
		wreg, status,2, status,0, btemp+1, pclath, cstack
 Tracked objects:
		On entry : 
		On exit  : 
		Unchanged: 
 Data sizes:     COMMON   BANK0   BANK1   BANK3   BANK2
      Params:         0       0       0       0       0
      Locals:         0       0       0       0       0
      Temps:          0       0       0       0       0
      Totals:         0       0       0       0       0
Total ram usage:        0 bytes
 Hardware stack levels required when called:    4
 This function calls:
		_SYSTEM_Initialize
		___flmul
		___fltol
 This function is called by:
		Startup code after reset
 This function uses a non-reentrant model


 *************** function ___fltol *****************
 Defined at:
		line 43 in file "C:\Program Files\Microchip\xc8\v2.31\pic\sources\c90\common\fltol.c"
 Parameters:    Size  Location     Type
  f1              4   41[BANK0 ] void 
 Auto vars:     Size  Location     Type
  exp1            1   51[BANK0 ] unsigned char 
  sign1           1   50[BANK0 ] unsigned char 
 Return value:  Size  Location     Type
                  4   41[BANK0 ] long 
 Registers used:
		wreg, status,2, status,0
 Tracked objects:
		On entry : 
		On exit  : 
		Unchanged: 
 Data sizes:     COMMON   BANK0   BANK1   BANK3   BANK2
      Params:         0       4       0       0       0
      Locals:         0       2       0       0       0
      Temps:          0       5       0       0       0
      Totals:         0      11       0       0       0
Total ram usage:       11 bytes
 Hardware stack levels used:    1
 Hardware stack levels required when called:    2
 This function calls:
		Nothing
 This function is called by:
		_main
 This function uses a non-reentrant model


 *************** function ___flmul *****************
 Defined at:
		line 8 in file "C:\Program Files\Microchip\xc8\v2.31\pic\sources\c90\common\sprcmul.c"
 Parameters:    Size  Location     Type
  b               4   15[BANK0 ] long 
  a               4   19[BANK0 ] long 
 Auto vars:     Size  Location     Type
  prod            4   35[BANK0 ] struct .
  grs             4   29[BANK0 ] unsigned long 
  temp            2   39[BANK0 ] struct .
  bexp            1   34[BANK0 ] unsigned char 
  aexp            1   33[BANK0 ] unsigned char 
  sign            1   28[BANK0 ] unsigned char 
 Return value:  Size  Location     Type
                  4   15[BANK0 ] unsigned char 
 Registers used:
		wreg, status,2, status,0, btemp+1, pclath, cstack
 Tracked objects:
		On entry : 
		On exit  : 
		Unchanged: 
 Data sizes:     COMMON   BANK0   BANK1   BANK3   BANK2
      Params:         0       8       0       0       0
      Locals:         0      13       0       0       0
      Temps:          0       5       0       0       0
      Totals:         0      26       0       0       0
Total ram usage:       26 bytes
 Hardware stack levels used:    1
 Hardware stack levels required when called:    3
 This function calls:
		__Umul8_16
 This function is called by:
		_main
 This function uses a non-reentrant model


 *************** function __Umul8_16 *****************
 Defined at:
		line 4 in file "C:\Program Files\Microchip\xc8\v2.31\pic\sources\c90\common\Umul8_16.c"
 Parameters:    Size  Location     Type
  multiplier      1    wreg     unsigned char 
  multiplicand    1    6[BANK0 ] unsigned char 
 Auto vars:     Size  Location     Type
  multiplier      1   14[BANK0 ] unsigned char 
  word_mpld       2   12[BANK0 ] unsigned int 
  product         2   10[BANK0 ] unsigned int 
 Return value:  Size  Location     Type
                  2    6[BANK0 ] unsigned int 
 Registers used:
		wreg, status,2, status,0
 Tracked objects:
		On entry : 
		On exit  : 
		Unchanged: 
 Data sizes:     COMMON   BANK0   BANK1   BANK3   BANK2
      Params:         0       2       0       0       0
      Locals:         0       5       0       0       0
      Temps:          0       2       0       0       0
      Totals:         0       9       0       0       0
Total ram usage:        9 bytes
 Hardware stack levels used:    1
 Hardware stack levels required when called:    2
 This function calls:
		Nothing
 This function is called by:
		___flmul
 This function uses a non-reentrant model


 *************** function _SYSTEM_Initialize *****************
 Defined at:
		line 12 in file "lcs.c"
 Parameters:    Size  Location     Type
		None
 Auto vars:     Size  Location     Type
		None
 Return value:  Size  Location     Type
                  1    wreg      void 
 Registers used:
		wreg, status,2, status,0, pclath, cstack
 Tracked objects:
		On entry : 
		On exit  : 
		Unchanged: 
 Data sizes:     COMMON   BANK0   BANK1   BANK3   BANK2
      Params:         0       0       0       0       0
      Locals:         0       0       0       0       0
      Temps:          0       0       0       0       0
      Totals:         0       0       0       0       0
Total ram usage:        0 bytes
 Hardware stack levels used:    1
 Hardware stack levels required when called:    3
 This function calls:
		_ADC_Initialize
		_PORTS_MANAGER_Initialize
		_SPI_MANAGER_Initialize
 This function is called by:
		_main
 This function uses a non-reentrant model


 *************** function _SPI_MANAGER_Initialize *****************
 Defined at:
		line 11 in file "spi.c"
 Parameters:    Size  Location     Type
		None
 Auto vars:     Size  Location     Type
		None
 Return value:  Size  Location     Type
                  1    wreg      void 
 Registers used:
		wreg, status,2
 Tracked objects:
		On entry : 
		On exit  : 
		Unchanged: 
 Data sizes:     COMMON   BANK0   BANK1   BANK3   BANK2
      Params:         0       0       0       0       0
      Locals:         0       0       0       0       0
      Temps:          0       0       0       0       0
      Totals:         0       0       0       0       0
Total ram usage:        0 bytes
 Hardware stack levels used:    1
 Hardware stack levels required when called:    2
 This function calls:
		Nothing
 This function is called by:
		_SYSTEM_Initialize
 This function uses a non-reentrant model


 *************** function _PORTS_MANAGER_Initialize *****************
 Defined at:
		line 11 in file "ports_manager.c"
 Parameters:    Size  Location     Type
		None
 Auto vars:     Size  Location     Type
		None
 Return value:  Size  Location     Type
                  1    wreg      void 
 Registers used:
		wreg, status,2
 Tracked objects:
		On entry : 
		On exit  : 
		Unchanged: 
 Data sizes:     COMMON   BANK0   BANK1   BANK3   BANK2
      Params:         0       0       0       0       0
      Locals:         0       0       0       0       0
      Temps:          0       0       0       0       0
      Totals:         0       0       0       0       0
Total ram usage:        0 bytes
 Hardware stack levels used:    1
 Hardware stack levels required when called:    2
 This function calls:
		Nothing
 This function is called by:
		_SYSTEM_Initialize
 This function uses a non-reentrant model


 *************** function _ADC_Initialize *****************
 Defined at:
		line 12 in file "adc.c"
 Parameters:    Size  Location     Type
		None
 Auto vars:     Size  Location     Type
		None
 Return value:  Size  Location     Type
                  1    wreg      void 
 Registers used:
		wreg, status,2
 Tracked objects:
		On entry : 
		On exit  : 
		Unchanged: 
 Data sizes:     COMMON   BANK0   BANK1   BANK3   BANK2
      Params:         0       0       0       0       0
      Locals:         0       0       0       0       0
      Temps:          0       0       0       0       0
      Totals:         0       0       0       0       0
Total ram usage:        0 bytes
 Hardware stack levels used:    1
 Hardware stack levels required when called:    2
 This function calls:
		Nothing
 This function is called by:
		_SYSTEM_Initialize
 This function uses a non-reentrant model


 *************** function _myISR *****************
 Defined at:
		line 29 in file "main.c"
 Parameters:    Size  Location     Type
		None
 Auto vars:     Size  Location     Type
		None
 Return value:  Size  Location     Type
                  1    wreg      void 
 Registers used:
		wreg, status,2, status,0, pclath, cstack
 Tracked objects:
		On entry : 
		On exit  : 
		Unchanged: 
 Data sizes:     COMMON   BANK0   BANK1   BANK3   BANK2
      Params:         0       0       0       0       0
      Locals:         0       0       0       0       0
      Temps:          0       6       0       0       0
      Totals:         0       6       0       0       0
Total ram usage:        6 bytes
 Hardware stack levels used:    1
 Hardware stack levels required when called:    1
 This function calls:
		___xxtofl
 This function is called by:
		Interrupt level 1
 This function uses a non-reentrant model


 *************** function ___xxtofl *****************
 Defined at:
		line 10 in file "C:\Program Files\Microchip\xc8\v2.31\pic\sources\c90\common\xxtofl.c"
 Parameters:    Size  Location     Type
  sign            1    wreg     unsigned char 
  val             4    0[COMMON] long 
 Auto vars:     Size  Location     Type
  sign            1    8[COMMON] unsigned char 
  arg             4   10[COMMON] unsigned long 
  exp             1    9[COMMON] unsigned char 
 Return value:  Size  Location     Type
                  4    0[COMMON] unsigned char 
 Registers used:
		wreg, status,2, status,0
 Tracked objects:
		On entry : 
		On exit  : 
		Unchanged: 
 Data sizes:     COMMON   BANK0   BANK1   BANK3   BANK2
      Params:         4       0       0       0       0
      Locals:         6       0       0       0       0
      Temps:          4       0       0       0       0
      Totals:        14       0       0       0       0
Total ram usage:       14 bytes
 Hardware stack levels used:    1
 This function calls:
		Nothing
 This function is called by:
		_myISR
 This function uses a non-reentrant model



MODULE INFORMATION

Module		Function		Class		Link	Load	Size
C:\Program Files\Microchip\xc8\v2.31\pic\sources\c90\common\sprcmul.c
		___flmul       		CODE           	001C	0000	865

C:\Program Files\Microchip\xc8\v2.31\pic\sources\c90\common\sprcmul.c estimated size: 865

C:\Program Files\Microchip\xc8\v2.31\pic\sources\c90\common\Umul8_16.c
		__Umul8_16     		CODE           	055E	0000	41

C:\Program Files\Microchip\xc8\v2.31\pic\sources\c90\common\Umul8_16.c estimated size: 41

adc.c
		_ADC_Initialize		CODE           	05BB	0000	18

adc.c estimated size: 18

ports_manager.c
		_PORTS_MANAGER_Initialize		CODE           	0587	0000	33

ports_manager.c estimated size: 33

spi.c
		_SPI_MANAGER_Initialize		CODE           	05A8	0000	19

spi.c estimated size: 19

shared
		__initialization		CODE           	0011	0000	7

shared estimated size: 7

C:\Program Files\Microchip\xc8\v2.31\pic\sources\c90\common\fltol.c
		___fltol       		CODE           	0437	0000	124

C:\Program Files\Microchip\xc8\v2.31\pic\sources\c90\common\fltol.c estimated size: 124

C:\Program Files\Microchip\xc8\v2.31\pic\sources\c90\common\xxtofl.c
		___xxtofl      		CODE           	037D	0000	186

C:\Program Files\Microchip\xc8\v2.31\pic\sources\c90\common\xxtofl.c estimated size: 186

lcs.c
		_SYSTEM_Initialize		CODE           	05CD	0000	16

lcs.c estimated size: 16

main.c
		_myISR         		CODE           	0513	0000	75
		_main          		CODE           	04B3	0000	96

main.c estimated size: 171

