Microchip MPLAB XC8 Compiler V2.31

Linker command line:

-W-3 --edf=C:\Program Files\Microchip\xc8\v2.31\pic\dat\en_msgs.txt -cn \
  -h+dist/default/production\LAB3_V2.X.production.sym \
  --cmf=dist/default/production\LAB3_V2.X.production.cmf -z -Q16F887 \
  -oC:\Users\emili\AppData\Local\Temp\siv8.2 --defsym=__MPLAB_BUILD=1 \
  -Mdist/default/production/LAB3_V2.X.production.map -E1 -ver=XC8 Compiler \
  --acfsm=1493 -ASTACK=0110h-016Fh -pstack=STACK -ACODE=00h-07FFhx4 \
  -ASTRCODE=00h-01FFFh -ASTRING=00h-0FFhx32 -ACONST=00h-0FFhx32 \
  -AENTRY=00h-0FFhx32 -ACOMMON=070h-07Fh -ABANK0=020h-06Fh \
  -ABANK1=0A0h-0EFh -ABANK2=0110h-016Fh -ABANK3=0190h-01EFh \
  -ARAM=020h-06Fh,0A0h-0EFh,0110h-016Fh,0190h-01EFh \
  -AABS1=020h-07Fh,0A0h-0EFh,0110h-016Fh,0190h-01EFh -ASFR0=00h-01Fh \
  -ASFR1=080h-09Fh -ASFR2=0100h-010Fh -ASFR3=0180h-018Fh \
  -ACONFIG=02007h-02008h -DCONFIG=2 -AIDLOC=02000h-02003h -DIDLOC=2 \
  -AEEDATA=00h-0FFh/02100h -peeprom_data=EEDATA -DEEDATA=2 -DCODE=2 \
  -DSTRCODE=2 -DSTRING=2 -DCONST=2 -DENTRY=2 \
  -preset_vec=00h,intentry=04h,init,end_init -ppowerup=CODE -pcinit=CODE \
  -pfunctab=ENTRY -k C:\Users\emili\AppData\Local\Temp\siv8.o \
  dist/default/production\LAB3_V2.X.production.o 

Object code version is 3.11

Machine type is 16F887



                Name                               Link     Load   Length Selector   Space Scale
C:\Users\emili\AppData\Local\Temp\siv8.o
                end_init                              C        C        3        8       0
                reset_vec                             0        0        3        0       0
                config                             2007     2007        2        0       4
dist/default/production\LAB3_V2.X.production.o
                cinit                                 F        F       17        8       0
                intentry                              4        4        8        8       0
                config                             2007     2007        2        0       4
                text8                                26       26       76        8       0
                text7                               159      159        C        8       0
                text6                               14C      14C        D        8       0
                text5                               16F      16F        1        8       0
                text4                                E0       E0       2A        8       0
                text3                               165      165        9        8       0
                text2                               16E      16E        1        8       0
                text1                               10A      10A       1F        8       0
                maintext                             9C       9C       44        8       0
                cstackCOMMON                         70       70        8       70       1
                inittext                            129      129       13        8       0
                dataBANK0                            20       20       10       20       1
                bssCOMMON                            78       78        5       70       1
                idataBANK0                          13C      13C       10        8       0

TOTAL           Name                               Link     Load   Length     Space
        CLASS   STACK          

        CLASS   CODE           
                end_init                              C        C        3         0
                cinit                                 F        F       17         0
                intentry                              4        4        8         0
                reset_vec                             0        0        3         0
                text8                                26       26       76         0
                text7                               159      159        C         0
                text6                               14C      14C        D         0
                text5                               16F      16F        1         0
                text4                                E0       E0       2A         0
                text3                               165      165        9         0
                text2                               16E      16E        1         0
                text1                               10A      10A       1F         0
                maintext                             9C       9C       44         0
                inittext                            129      129       13         0
                idataBANK0                          13C      13C       10         0

        CLASS   STRCODE        

        CLASS   STRING         

        CLASS   CONST          

        CLASS   ENTRY          

        CLASS   COMMON         
                cstackCOMMON                         70       70        8         1
                bssCOMMON                            78       78        5         1

        CLASS   BANK0          
                dataBANK0                            20       20       10         1

        CLASS   BANK1          

        CLASS   BANK2          

        CLASS   BANK3          

        CLASS   RAM            

        CLASS   ABS1           
                abs_s1                               7E       7E        2         1

        CLASS   SFR0           

        CLASS   SFR1           

        CLASS   SFR2           

        CLASS   SFR3           

        CLASS   CONFIG         
                config                             2007     2007        2         4

        CLASS   IDLOC          

        CLASS   EEDATA         



SEGMENTS        Name                           Load    Length   Top    Selector   Space  Class     Delta

                reset_vec                      000000  000003  000003         0       0  CODE        2
                intentry                       000004  00016C  000170         8       0  CODE        2
                dataBANK0                      000020  000010  000030        20       1  BANK0       1
                cstackCOMMON                   000070  00000D  00007D        70       1  COMMON      1


UNUSED ADDRESS RANGES

        Name                Unused          Largest block    Delta
        BANK0            0030-006F             40           1
        BANK1            00A0-00EF             50           1
        BANK2            0110-016F             60           1
        BANK3            0190-01EF             60           1
        CODE             0003-0003              1           2
                         0170-1FFF            800
        COMMON           007D-007D              1           1
        CONST            0003-0003              1           2
                         0170-1FFF            100
        EEDATA           2100-21FF            100           2
        ENTRY            0003-0003              1           2
                         0170-1FFF            100
        IDLOC            2000-2003              4           2
        RAM              0030-006F             40           1
                         00A0-00EF             50
                         0110-016F             60
                         0190-01EF             60
        SFR0             0000-001F             20           1
        SFR1             0080-009F             20           1
        SFR2             0100-010F             10           1
        SFR3             0180-018F             10           1
        STACK            0110-016F             60           1
        STRCODE          0003-0003              1           2
                         0170-1FFF           1E90
        STRING           0003-0003              1           2
                         0170-1FFF            100

                                  Symbol Table

_ADCON0                                (abs)        001F
_ADCON0bits                            (abs)        001F
_ADCON1                                (abs)        009F
_ADC_Initialize                        text7        0159
_ADRESH                                (abs)        001E
_ADRESL                                (abs)        009E
_ANSEL                                 (abs)        0188
_ANSELH                                (abs)        0189
_INTCON                                (abs)        000B
_INTCONbits                            (abs)        000B
_INTERRUPT_MANAGER_Initialize          text6        014C
_IOCB                                  (abs)        0096
_OPTION_REG                            (abs)        0081
_OSCILLATOR_Initialize                 text5        016F
_PIE1                                  (abs)        008C
_PIN_MANAGER_Initialize                text4        00E0
_PIR1                                  (abs)        000C
_PIR1bits                              (abs)        000C
_PORTA                                 (abs)        0005
_PORTB                                 (abs)        0006
_PORTBbits                             (abs)        0006
_PORTC                                 (abs)        0007
_PORTD                                 (abs)        0008
_PORTE                                 (abs)        0009
_PORTEbits                             (abs)        0009
_SYSTEM_Initialize                     text1        010A
_TIMER_MANAGER_Initialize              text3        0165
_TMR0                                  (abs)        0001
_TRISA                                 (abs)        0085
_TRISB                                 (abs)        0086
_TRISC                                 (abs)        0087
_TRISD                                 (abs)        0088
_TRISE                                 (abs)        0089
_WDT_Initialize                        text2        016E
__Habs1                                abs1         0000
__Hbank0                               bank0        0000
__Hbank1                               bank1        0000
__Hbank2                               bank2        0000
__Hbank3                               bank3        0000
__HbssCOMMON                           bssCOMMON    0000
__Hcinit                               cinit        0026
__Hclrtext                             clrtext      0000
__Hcode                                code         0000
__Hcommon                              common       0000
__Hconfig                              config       2009
__HcstackCOMMON                        cstackCOMMON 0000
__HdataBANK0                           dataBANK0    0000
__Heeprom_data                         eeprom_data  0000
__Hend_init                            end_init     000F
__Hfunctab                             functab      0000
__HidataBANK0                          idataBANK0   0000
__Hinit                                init         000C
__Hinittext                            inittext     0000
__Hintentry                            intentry     000C
__Hmaintext                            maintext     0000
__Hpowerup                             powerup      0000
__Hram                                 ram          0000
__Hreset_vec                           reset_vec    0003
__Hsfr0                                sfr0         0000
__Hsfr1                                sfr1         0000
__Hsfr2                                sfr2         0000
__Hsfr3                                sfr3         0000
__Hspace_0                             (abs)        0170
__Hspace_1                             (abs)        007D
__Hspace_2                             (abs)        0000
__Hspace_3                             (abs)        0000
__Hspace_4                             (abs)        4010
__Hstack                               stack        0000
__Hstrings                             strings      0000
__Htext                                text         0000
__Labs1                                abs1         0000
__Lbank0                               bank0        0000
__Lbank1                               bank1        0000
__Lbank2                               bank2        0000
__Lbank3                               bank3        0000
__LbssCOMMON                           bssCOMMON    0000
__Lcinit                               cinit        000F
__Lclrtext                             clrtext      0000
__Lcode                                code         0000
__Lcommon                              common       0000
__Lconfig                              config       0000
__LcstackCOMMON                        cstackCOMMON 0000
__LdataBANK0                           dataBANK0    0000
__Leeprom_data                         eeprom_data  0000
__Lend_init                            end_init     000C
__Lfunctab                             functab      0000
__LidataBANK0                          idataBANK0   0000
__Linit                                init         000C
__Linittext                            inittext     0000
__Lintentry                            intentry     0004
__Lmaintext                            maintext     0000
__Lpowerup                             powerup      0000
__Lram                                 ram          0000
__Lreset_vec                           reset_vec    0000
__Lsfr0                                sfr0         0000
__Lsfr1                                sfr1         0000
__Lsfr2                                sfr2         0000
__Lsfr3                                sfr3         0000
__Lspace_0                             (abs)        0000
__Lspace_1                             (abs)        0000
__Lspace_2                             (abs)        0000
__Lspace_3                             (abs)        0000
__Lspace_4                             (abs)        0000
__Lstack                               stack        0000
__Lstrings                             strings      0000
__Ltext                                text         0000
__S0                                   (abs)        0170
__S1                                   (abs)        007D
__S2                                   (abs)        0000
__S3                                   (abs)        0000
___int_sp                              stack        0000
___latbits                             (abs)        0002
___sp                                  stack        0000
___stackhi                             (abs)        0000
___stacklo                             (abs)        0000
__end_of_ADC_Initialize                text7        0165
__end_of_INTERRUPT_MANAGER_Initialize  text6        0159
__end_of_OSCILLATOR_Initialize         text5        0170
__end_of_PIN_MANAGER_Initialize        text4        010A
__end_of_SYSTEM_Initialize             text1        0129
__end_of_TIMER_MANAGER_Initialize      text3        016E
__end_of_WDT_Initialize                text2        016F
__end_of__initialization               cinit        0022
__end_of_main                          maintext     00E0
__end_of_myISR                         text8        009C
__initialization                       cinit        000F
__pbssCOMMON                           bssCOMMON    0078
__pcstackCOMMON                        cstackCOMMON 0070
__pdataBANK0                           dataBANK0    0020
__pidataBANK0                          idataBANK0   013C
__pintentry                            intentry     0004
__pmaintext                            maintext     009C
__ptext1                               text1        010A
__ptext2                               text2        016E
__ptext3                               text3        0165
__ptext4                               text4        00E0
__ptext5                               text5        016F
__ptext6                               text6        014C
__ptext7                               text7        0159
__ptext8                               text8        0026
__size_of_ADC_Initialize               (abs)        0000
__size_of_INTERRUPT_MANAGER_Initialize (abs)        0000
__size_of_OSCILLATOR_Initialize        (abs)        0000
__size_of_PIN_MANAGER_Initialize       (abs)        0000
__size_of_SYSTEM_Initialize            (abs)        0000
__size_of_TIMER_MANAGER_Initialize     (abs)        0000
__size_of_WDT_Initialize               (abs)        0000
__size_of_main                         (abs)        0000
__size_of_myISR                        (abs)        0000
_display_array                         dataBANK0    0020
_display_count                         bssCOMMON    007B
_first_display                         bssCOMMON    0078
_main                                  maintext     009C
_myISR                                 text8        0026
_reference_count                       bssCOMMON    007C
_second_display                        bssCOMMON    0079
_timer0_count                          bssCOMMON    007A
btemp                                  (abs)        007E
end_of_initialization                  cinit        0022
init_fetch0                            inittext     0129
init_ram0                              inittext     012D
interrupt_function                     intentry     0004
intlevel0                              functab      0000
intlevel1                              functab      0000
intlevel2                              functab      0000
intlevel3                              functab      0000
intlevel4                              functab      0000
intlevel5                              functab      0000
reset_vec                              reset_vec    0000
saved_w                                (abs)        007E
start                                  init         000C
start_initialization                   cinit        000F
wtemp0                                 (abs)        007E


FUNCTION INFORMATION:

 *************** function _main *****************
 Defined at:
		line 73 in file "main.c"
 Parameters:    Size  Location     Type
		None
 Auto vars:     Size  Location     Type
		None
 Return value:  Size  Location     Type
                  1    wreg      void 
 Registers used:
		wreg, fsr0l, fsr0h, status,2, status,0, pclath, cstack
 Tracked objects:
		On entry : 
		On exit  : 
		Unchanged: 
 Data sizes:     COMMON   BANK0   BANK1   BANK3   BANK2
      Params:         0       0       0       0       0
      Locals:         0       0       0       0       0
      Temps:          4       0       0       0       0
      Totals:         4       0       0       0       0
Total ram usage:        4 bytes
 Hardware stack levels required when called:    3
 This function calls:
		_SYSTEM_Initialize
 This function is called by:
		Startup code after reset
 This function uses a non-reentrant model


 *************** function _SYSTEM_Initialize *****************
 Defined at:
		line 10 in file "lc.c"
 Parameters:    Size  Location     Type
		None
 Auto vars:     Size  Location     Type
		None
 Return value:  Size  Location     Type
                  1    wreg      void 
 Registers used:
		wreg, status,2, status,0, pclath, cstack
 Tracked objects:
		On entry : 
		On exit  : 
		Unchanged: 
 Data sizes:     COMMON   BANK0   BANK1   BANK3   BANK2
      Params:         0       0       0       0       0
      Locals:         0       0       0       0       0
      Temps:          0       0       0       0       0
      Totals:         0       0       0       0       0
Total ram usage:        0 bytes
 Hardware stack levels used:    1
 Hardware stack levels required when called:    2
 This function calls:
		_ADC_Initialize
		_INTERRUPT_MANAGER_Initialize
		_OSCILLATOR_Initialize
		_PIN_MANAGER_Initialize
		_TIMER_MANAGER_Initialize
		_WDT_Initialize
 This function is called by:
		_main
 This function uses a non-reentrant model


 *************** function _WDT_Initialize *****************
 Defined at:
		line 24 in file "lc.c"
 Parameters:    Size  Location     Type
		None
 Auto vars:     Size  Location     Type
		None
 Return value:  Size  Location     Type
                  1    wreg      void 
 Registers used:
		None
 Tracked objects:
		On entry : 
		On exit  : 
		Unchanged: 
 Data sizes:     COMMON   BANK0   BANK1   BANK3   BANK2
      Params:         0       0       0       0       0
      Locals:         0       0       0       0       0
      Temps:          0       0       0       0       0
      Totals:         0       0       0       0       0
Total ram usage:        0 bytes
 Hardware stack levels used:    1
 Hardware stack levels required when called:    1
 This function calls:
		Nothing
 This function is called by:
		_SYSTEM_Initialize
 This function uses a non-reentrant model


 *************** function _TIMER_MANAGER_Initialize *****************
 Defined at:
		line 11 in file "timer_manager.c"
 Parameters:    Size  Location     Type
		None
 Auto vars:     Size  Location     Type
		None
 Return value:  Size  Location     Type
                  1    wreg      void 
 Registers used:
		wreg
 Tracked objects:
		On entry : 
		On exit  : 
		Unchanged: 
 Data sizes:     COMMON   BANK0   BANK1   BANK3   BANK2
      Params:         0       0       0       0       0
      Locals:         0       0       0       0       0
      Temps:          0       0       0       0       0
      Totals:         0       0       0       0       0
Total ram usage:        0 bytes
 Hardware stack levels used:    1
 Hardware stack levels required when called:    1
 This function calls:
		Nothing
 This function is called by:
		_SYSTEM_Initialize
 This function uses a non-reentrant model


 *************** function _PIN_MANAGER_Initialize *****************
 Defined at:
		line 11 in file "pin_manager.c"
 Parameters:    Size  Location     Type
		None
 Auto vars:     Size  Location     Type
		None
 Return value:  Size  Location     Type
                  1    wreg      void 
 Registers used:
		wreg, status,2
 Tracked objects:
		On entry : 
		On exit  : 
		Unchanged: 
 Data sizes:     COMMON   BANK0   BANK1   BANK3   BANK2
      Params:         0       0       0       0       0
      Locals:         0       0       0       0       0
      Temps:          0       0       0       0       0
      Totals:         0       0       0       0       0
Total ram usage:        0 bytes
 Hardware stack levels used:    1
 Hardware stack levels required when called:    1
 This function calls:
		Nothing
 This function is called by:
		_SYSTEM_Initialize
 This function uses a non-reentrant model


 *************** function _OSCILLATOR_Initialize *****************
 Defined at:
		line 20 in file "lc.c"
 Parameters:    Size  Location     Type
		None
 Auto vars:     Size  Location     Type
		None
 Return value:  Size  Location     Type
                  1    wreg      void 
 Registers used:
		None
 Tracked objects:
		On entry : 
		On exit  : 
		Unchanged: 
 Data sizes:     COMMON   BANK0   BANK1   BANK3   BANK2
      Params:         0       0       0       0       0
      Locals:         0       0       0       0       0
      Temps:          0       0       0       0       0
      Totals:         0       0       0       0       0
Total ram usage:        0 bytes
 Hardware stack levels used:    1
 Hardware stack levels required when called:    1
 This function calls:
		Nothing
 This function is called by:
		_SYSTEM_Initialize
 This function uses a non-reentrant model


 *************** function _INTERRUPT_MANAGER_Initialize *****************
 Defined at:
		line 11 in file "interrupt_manager.c"
 Parameters:    Size  Location     Type
		None
 Auto vars:     Size  Location     Type
		None
 Return value:  Size  Location     Type
                  1    wreg      void 
 Registers used:
		wreg
 Tracked objects:
		On entry : 
		On exit  : 
		Unchanged: 
 Data sizes:     COMMON   BANK0   BANK1   BANK3   BANK2
      Params:         0       0       0       0       0
      Locals:         0       0       0       0       0
      Temps:          0       0       0       0       0
      Totals:         0       0       0       0       0
Total ram usage:        0 bytes
 Hardware stack levels used:    1
 Hardware stack levels required when called:    1
 This function calls:
		Nothing
 This function is called by:
		_SYSTEM_Initialize
 This function uses a non-reentrant model


 *************** function _ADC_Initialize *****************
 Defined at:
		line 11 in file "adc.c"
 Parameters:    Size  Location     Type
		None
 Auto vars:     Size  Location     Type
		None
 Return value:  Size  Location     Type
                  1    wreg      void 
 Registers used:
		wreg, status,2
 Tracked objects:
		On entry : 
		On exit  : 
		Unchanged: 
 Data sizes:     COMMON   BANK0   BANK1   BANK3   BANK2
      Params:         0       0       0       0       0
      Locals:         0       0       0       0       0
      Temps:          0       0       0       0       0
      Totals:         0       0       0       0       0
Total ram usage:        0 bytes
 Hardware stack levels used:    1
 Hardware stack levels required when called:    1
 This function calls:
		Nothing
 This function is called by:
		_SYSTEM_Initialize
 This function uses a non-reentrant model


 *************** function _myISR *****************
 Defined at:
		line 31 in file "main.c"
 Parameters:    Size  Location     Type
		None
 Auto vars:     Size  Location     Type
		None
 Return value:  Size  Location     Type
                  1    wreg      void 
 Registers used:
		wreg, status,2, status,0
 Tracked objects:
		On entry : 
		On exit  : 
		Unchanged: 
 Data sizes:     COMMON   BANK0   BANK1   BANK3   BANK2
      Params:         0       0       0       0       0
      Locals:         0       0       0       0       0
      Temps:          4       0       0       0       0
      Totals:         4       0       0       0       0
Total ram usage:        4 bytes
 Hardware stack levels used:    1
 This function calls:
		Nothing
 This function is called by:
		Interrupt level 1
 This function uses a non-reentrant model



MODULE INFORMATION

Module		Function		Class		Link	Load	Size
lc.c
		_WDT_Initialize		CODE           	016E	0000	1
		_OSCILLATOR_Initialize		CODE           	016F	0000	1
		_SYSTEM_Initialize		CODE           	010A	0000	31

lc.c estimated size: 33

adc.c
		_ADC_Initialize		CODE           	0159	0000	12

adc.c estimated size: 12

shared
		__initialization		CODE           	000F	0000	19

shared estimated size: 19

timer_manager.c
		_TIMER_MANAGER_Initialize		CODE           	0165	0000	9

timer_manager.c estimated size: 9

interrupt_manager.c
		_INTERRUPT_MANAGER_Initialize		CODE           	014C	0000	13

interrupt_manager.c estimated size: 13

pin_manager.c
		_PIN_MANAGER_Initialize		CODE           	00E0	0000	42

pin_manager.c estimated size: 42

main.c
		_myISR         		CODE           	0026	0000	118
		_main          		CODE           	009C	0000	68

main.c estimated size: 186

