Microchip MPLAB XC8 Compiler V2.31

Linker command line:

-W-3 --edf=C:\Program Files\Microchip\xc8\v2.31\pic\dat\en_msgs.txt -cn \
  -h+dist/default/production\LAB3.X.production.sym \
  --cmf=dist/default/production\LAB3.X.production.cmf -z -Q16F887 \
  -oC:\Users\emili\AppData\Local\Temp\sk6c.2 --defsym=__MPLAB_BUILD=1 \
  -Mdist/default/production/LAB3.X.production.map -E1 -ver=XC8 Compiler \
  --acfsm=1493 -ASTACK=0110h-016Fh -pstack=STACK -ACODE=00h-07FFhx4 \
  -ASTRCODE=00h-01FFFh -ASTRING=00h-0FFhx32 -ACONST=00h-0FFhx32 \
  -AENTRY=00h-0FFhx32 -ACOMMON=070h-07Fh -ABANK0=020h-06Fh \
  -ABANK1=0A0h-0EFh -ABANK2=0110h-016Fh -ABANK3=0190h-01EFh \
  -ARAM=020h-06Fh,0A0h-0EFh,0110h-016Fh,0190h-01EFh \
  -AABS1=020h-07Fh,0A0h-0EFh,0110h-016Fh,0190h-01EFh -ASFR0=00h-01Fh \
  -ASFR1=080h-09Fh -ASFR2=0100h-010Fh -ASFR3=0180h-018Fh \
  -ACONFIG=02007h-02008h -DCONFIG=2 -AIDLOC=02000h-02003h -DIDLOC=2 \
  -AEEDATA=00h-0FFh/02100h -peeprom_data=EEDATA -DEEDATA=2 -DCODE=2 \
  -DSTRCODE=2 -DSTRING=2 -DCONST=2 -DENTRY=2 \
  -preset_vec=00h,intentry=04h,init,end_init -ppowerup=CODE -pcinit=CODE \
  -pfunctab=ENTRY -k C:\Users\emili\AppData\Local\Temp\sk6c.o \
  dist/default/production\LAB3.X.production.o 

Object code version is 3.11

Machine type is 16F887



                Name                               Link     Load   Length Selector   Space Scale
C:\Users\emili\AppData\Local\Temp\sk6c.o
                end_init                             10       10        3        8       0
                reset_vec                             0        0        3        0       0
                config                             2007     2007        2        0       4
dist/default/production\LAB3.X.production.o
                cinit                                13       13       1F        8       0
                intentry                              4        4        C        8       0
                config                             2007     2007        2        0       4
                text23                              CC2      CC2       BA     1984       0
                text22                              AC5      AC5       71     158A       0
                text21                              8FD      8FD       10     11FA       0
                text20                              921      921       17     1242       0
                text19                              7CC      7CC       31        8       0
                text18                              938      938       18     1270       0
                text17                              9E6      9E6       2D     13CC       0
                text16                              8F1      8F1        C     11E2       0
                text15                              8E6      8E6        B     11CC       0
                text14                              A13      A13       30     1426       0
                text13                              950      950       22     12A0       0
                text12                              C25      C25       9D     184A       0
                text11                              B36      B36       73     166C       0
                text10                              972      972       24     12E4       0
                text9                               393      393      2A0        8       0
                text8                               9BD      9BD       29     137A       0
                text7                                32       32      361        8       0
                text6                               BA9      BA9       7C     1752       0
                text5                               A7F      A7F       46     14FE       0
                text4                               A43      A43       3C     1486       0
                text3                               996      996       27     132C       0
                text2                               90D      90D       14     121A       0
                text1                               633      633      199        8       0
                maintext                            D7C      D7C      284     1AF8       0
                cstackBANK0                          20       20       42       20       1
                cstackCOMMON                         70       70        E       70       1
                cstackBANK1                          D4       D4       1C       A0       1
                clrtext                             8DE      8DE        8     11BC       0
                bssBANK3                            190      190       14      190       1
                bssBANK1                             A0       A0       34       A0       1
                bssBANK0                             62       62        7       20       1
                strings                             800      800       50     1000       0

TOTAL           Name                               Link     Load   Length     Space
        CLASS   STACK          

        CLASS   CODE           
                end_init                             10       10        3         0
                cinit                                13       13       1F         0
                intentry                              4        4        C         0
                reset_vec                             0        0        3         0
                text23                              CC2      CC2       BA         0
                text22                              AC5      AC5       71         0
                text21                              8FD      8FD       10         0
                text20                              921      921       17         0
                text19                              7CC      7CC       31         0
                text18                              938      938       18         0
                text17                              9E6      9E6       2D         0
                text16                              8F1      8F1        C         0
                text15                              8E6      8E6        B         0
                text14                              A13      A13       30         0
                text13                              950      950       22         0
                text12                              C25      C25       9D         0
                text11                              B36      B36       73         0
                text10                              972      972       24         0
                text9                               393      393      2A0         0
                text8                               9BD      9BD       29         0
                text7                                32       32      361         0
                text6                               BA9      BA9       7C         0
                text5                               A7F      A7F       46         0
                text4                               A43      A43       3C         0
                text3                               996      996       27         0
                text2                               90D      90D       14         0
                text1                               633      633      199         0
                maintext                            D7C      D7C      284         0
                clrtext                             8DE      8DE        8         0

        CLASS   STRCODE        

        CLASS   STRING         
                strings                             800      800       50         0

        CLASS   CONST          

        CLASS   ENTRY          

        CLASS   COMMON         
                cstackCOMMON                         70       70        E         1

        CLASS   BANK0          
                cstackBANK0                          20       20       42         1
                bssBANK0                             62       62        7         1

        CLASS   BANK1          
                cstackBANK1                          D4       D4       1C         1
                bssBANK1                             A0       A0       34         1

        CLASS   BANK2          

        CLASS   BANK3          
                bssBANK3                            190      190       14         1

        CLASS   RAM            

        CLASS   ABS1           
                abs_s1                               7E       7E        2         1

        CLASS   SFR0           

        CLASS   SFR1           

        CLASS   SFR2           

        CLASS   SFR3           

        CLASS   CONFIG         
                config                             2007     2007        2         4

        CLASS   IDLOC          

        CLASS   EEDATA         



SEGMENTS        Name                           Load    Length   Top    Selector   Space  Class     Delta

                reset_vec                      000000  000003  000003         0       0  CODE        2
                intentry                       000004  0007F9  0007FD         8       0  CODE        2
                cstackBANK0                    000020  000049  000069        20       1  BANK0       1
                cstackCOMMON                   000070  00000E  00007E        70       1  COMMON      1
                bssBANK1                       0000A0  000050  0000F0        A0       1  BANK1       1
                bssBANK3                       000190  000014  0001A4       190       1  BANK3       1
                strings                        000800  000050  000850      1000       0  STRING      2
                clrtext                        0008DE  000008  0008E6      11BC       0  CODE        2
                text15                         0008E6  00000B  0008F1      11CC       0  CODE        2
                text16                         0008F1  00000C  0008FD      11E2       0  CODE        2
                text21                         0008FD  000010  00090D      11FA       0  CODE        2
                text2                          00090D  000014  000921      121A       0  CODE        2
                text20                         000921  000017  000938      1242       0  CODE        2
                text18                         000938  000018  000950      1270       0  CODE        2
                text13                         000950  000022  000972      12A0       0  CODE        2
                text10                         000972  000024  000996      12E4       0  CODE        2
                text3                          000996  000027  0009BD      132C       0  CODE        2
                text8                          0009BD  000029  0009E6      137A       0  CODE        2
                text17                         0009E6  00002D  000A13      13CC       0  CODE        2
                text14                         000A13  000030  000A43      1426       0  CODE        2
                text4                          000A43  00003C  000A7F      1486       0  CODE        2
                text5                          000A7F  000046  000AC5      14FE       0  CODE        2
                text22                         000AC5  000071  000B36      158A       0  CODE        2
                text11                         000B36  000073  000BA9      166C       0  CODE        2
                text6                          000BA9  00007C  000C25      1752       0  CODE        2
                text12                         000C25  00009D  000CC2      184A       0  CODE        2
                text23                         000CC2  0000BA  000D7C      1984       0  CODE        2
                maintext                       000D7C  000284  001000      1AF8       0  CODE        2


UNUSED ADDRESS RANGES

        Name                Unused          Largest block    Delta
        BANK0            0069-006F              7           1
        BANK2            0110-016F             60           1
        BANK3            01A4-01EF             4C           1
        CODE             0003-0003              1           2
                         07FD-07FF              3
                         0850-08DD             8E
                         1000-1FFF            800
        CONST            0003-0003              1           2
                         07FD-07FF              3
                         0850-08DD             8E
                         1000-1FFF            100
        EEDATA           2100-21FF            100           2
        ENTRY            0003-0003              1           2
                         07FD-07FF              3
                         0850-08DD             8E
                         1000-1FFF            100
        IDLOC            2000-2003              4           2
        RAM              0069-006F              7           1
                         0110-016F             60
                         01A4-01EF             4C
        SFR0             0000-001F             20           1
        SFR1             0080-009F             20           1
        SFR2             0100-010F             10           1
        SFR3             0180-018F             10           1
        STACK            0110-016F             60           1
        STRCODE          0003-0003              1           2
                         07FD-07FF              3
                         0850-08DD             8E
                         1000-1FFF           1000
        STRING           0003-0003              1           2
                         07FD-07FF              3
                         0850-08DD             8E
                         1000-1FFF            100

                                  Symbol Table

?__Umul8_16                            cstackBANK0  0027
?___aldiv                              cstackBANK0  0027
?___fldiv                              cstackBANK0  004A
?___flmul                              cstackBANK0  0030
?___fltol                              cstackBANK0  0057
?___lwdiv                              cstackBANK0  0027
?___lwmod                              cstackBANK0  002F
?___wmul                               cstackBANK0  0027
?___xxtofl                             cstackCOMMON 0070
?_sprintf                              cstackBANK0  0035
LCDGoto@ln                             cstackBANK0  002C
LCDGoto@pos                            cstackBANK0  0031
LCDPutChar@ch                          cstackBANK0  002B
LCDPutCmd@ch                           cstackBANK0  002B
LCDPutStr@i                            cstackBANK0  002F
LCDPutStr@str                          cstackBANK0  002C
LCDWrite@ch                            cstackBANK0  0028
LCDWrite@rs                            cstackBANK0  0027
USART_Initialize@baudrate              cstackBANK0  0036
USART_Initialize@x                     cstackBANK0  0046
_ADCON0                                (abs)        001F
_ADCON0bits                            (abs)        001F
_ADCON1                                (abs)        009F
_ADC_Initialize                        text16       08F1
_ADRESH                                (abs)        001E
_ADRESL                                (abs)        009E
_ANSEL                                 (abs)        0188
_ANSELH                                (abs)        0189
_BAUDCTLbits                           (abs)        0187
_Buffer                                bssBANK1     00C0
_Buffer1                               bssBANK1     00AC
_Buffer2                               bssBANK3     0190
_INTCONbits                            (abs)        000B
_INTERRUPT_MANAGER_Initialize          text15       08E6
_IOCB                                  (abs)        0096
_LCDGoto                               text19       07CC
_LCDGoto$212                           cstackBANK0  002F
_LCDPutChar                            text18       0938
_LCDPutCmd                             text20       0921
_LCDPutStr                             text17       09E6
_LCDWrite                              text21       08FD
_LCD_Initialize                        text14       0A13
_PIE1bits                              (abs)        008C
_PIR1bits                              (abs)        000C
_PORTA                                 (abs)        0005
_PORTB                                 (abs)        0006
_PORTBbits                             (abs)        0006
_PORTD                                 (abs)        0008
_PORTE                                 (abs)        0009
_PORTS_MANAGER_Initialize              text13       0950
_RCREG                                 (abs)        001A
_RCSTAbits                             (abs)        0018
_SPBRG                                 (abs)        0099
_SYSTEM_Initialize                     text10       0972
_TRISA                                 (abs)        0085
_TRISB                                 (abs)        0086
_TRISD                                 (abs)        0088
_TRISE                                 (abs)        0089
_TXREG                                 (abs)        0019
_TXSTAbits                             (abs)        0098
_USART_Initialize                      text11       0B36
__Habs1                                abs1         0000
__Hbank0                               bank0        0000
__Hbank1                               bank1        0000
__Hbank2                               bank2        0000
__Hbank3                               bank3        0000
__HbssBANK0                            bssBANK0     0000
__HbssBANK1                            bssBANK1     0000
__HbssBANK3                            bssBANK3     0000
__Hcinit                               cinit        0032
__Hclrtext                             clrtext      0000
__Hcode                                code         0000
__Hcommon                              common       0000
__Hconfig                              config       2009
__HcstackBANK0                         cstackBANK0  0000
__HcstackBANK1                         cstackBANK1  0000
__HcstackCOMMON                        cstackCOMMON 0000
__Heeprom_data                         eeprom_data  0000
__Hend_init                            end_init     0013
__Hfunctab                             functab      0000
__Hinit                                init         0010
__Hintentry                            intentry     0010
__Hmaintext                            maintext     0000
__Hpowerup                             powerup      0000
__Hram                                 ram          0000
__Hreset_vec                           reset_vec    0003
__Hsfr0                                sfr0         0000
__Hsfr1                                sfr1         0000
__Hsfr2                                sfr2         0000
__Hsfr3                                sfr3         0000
__Hspace_0                             (abs)        1000
__Hspace_1                             (abs)        01A4
__Hspace_2                             (abs)        0000
__Hspace_3                             (abs)        0000
__Hspace_4                             (abs)        4010
__Hstack                               stack        0000
__Hstrings                             strings      0000
__Htext                                text         0000
__Labs1                                abs1         0000
__Lbank0                               bank0        0000
__Lbank1                               bank1        0000
__Lbank2                               bank2        0000
__Lbank3                               bank3        0000
__LbssBANK0                            bssBANK0     0000
__LbssBANK1                            bssBANK1     0000
__LbssBANK3                            bssBANK3     0000
__Lcinit                               cinit        0013
__Lclrtext                             clrtext      0000
__Lcode                                code         0000
__Lcommon                              common       0000
__Lconfig                              config       0000
__LcstackBANK0                         cstackBANK0  0000
__LcstackBANK1                         cstackBANK1  0000
__LcstackCOMMON                        cstackCOMMON 0000
__Leeprom_data                         eeprom_data  0000
__Lend_init                            end_init     0010
__Lfunctab                             functab      0000
__Linit                                init         0010
__Lintentry                            intentry     0004
__Lmaintext                            maintext     0000
__Lpowerup                             powerup      0000
__Lram                                 ram          0000
__Lreset_vec                           reset_vec    0000
__Lsfr0                                sfr0         0000
__Lsfr1                                sfr1         0000
__Lsfr2                                sfr2         0000
__Lsfr3                                sfr3         0000
__Lspace_0                             (abs)        0000
__Lspace_1                             (abs)        0000
__Lspace_2                             (abs)        0000
__Lspace_3                             (abs)        0000
__Lspace_4                             (abs)        0000
__Lstack                               stack        0000
__Lstrings                             strings      0000
__Ltext                                text         0000
__S0                                   (abs)        1000
__S1                                   (abs)        01A4
__S2                                   (abs)        0000
__S3                                   (abs)        0000
__Umul8_16                             text8        09BD
__Umul8_16@multiplicand                cstackBANK0  0027
__Umul8_16@multiplier                  cstackBANK0  002F
__Umul8_16@product                     cstackBANK0  002B
__Umul8_16@word_mpld                   cstackBANK0  002D
___aldiv                               text12       0C25
___aldiv@counter                       cstackBANK0  0030
___aldiv@dividend                      cstackBANK0  002B
___aldiv@divisor                       cstackBANK0  0027
___aldiv@quotient                      cstackBANK0  0032
___aldiv@sign                          cstackBANK0  0031
___fldiv                               text9        0393
___fldiv@a                             cstackBANK0  004A
___fldiv@aexp                          cstackBANK1  00E0
___fldiv@b                             cstackBANK0  004E
___fldiv@bexp                          cstackBANK1  00DF
___fldiv@grs                           cstackBANK1  00DB
___fldiv@new_exp                       cstackBANK1  00D9
___fldiv@rem                           cstackBANK1  00D4
___fldiv@sign                          cstackBANK1  00D8
___flmul                               text7        0032
___flmul@a                             cstackBANK0  0034
___flmul@aexp                          cstackBANK0  0042
___flmul@b                             cstackBANK0  0030
___flmul@bexp                          cstackBANK0  0043
___flmul@grs                           cstackBANK0  003E
___flmul@prod                          cstackBANK0  0044
___flmul@sign                          cstackBANK0  003D
___flmul@temp                          cstackBANK0  0048
___fltol                               text6        0BA9
___fltol@exp1                          cstackBANK0  0061
___fltol@f1                            cstackBANK0  0057
___fltol@sign1                         cstackBANK0  0060
___int_sp                              stack        0000
___latbits                             (abs)        0002
___lwdiv                               text5        0A7F
___lwdiv@counter                       cstackBANK0  002E
___lwdiv@dividend                      cstackBANK0  0029
___lwdiv@divisor                       cstackBANK0  0027
___lwdiv@quotient                      cstackBANK0  002C
___lwmod                               text4        0A43
___lwmod@counter                       cstackBANK0  0034
___lwmod@dividend                      cstackBANK0  0031
___lwmod@divisor                       cstackBANK0  002F
___sp                                  stack        0000
___stackhi                             (abs)        0000
___stacklo                             (abs)        0000
___wmul                                text3        0996
___wmul@multiplicand                   cstackBANK0  0029
___wmul@multiplier                     cstackBANK0  0027
___wmul@product                        cstackBANK0  002B
___xxtofl                              text23       0CC2
___xxtofl@arg                          cstackCOMMON 007A
___xxtofl@exp                          cstackCOMMON 0079
___xxtofl@sign                         cstackCOMMON 0078
___xxtofl@val                          cstackCOMMON 0070
__end_of_ADC_Initialize                text16       08FD
__end_of_INTERRUPT_MANAGER_Initialize  text15       08F1
__end_of_LCDGoto                       text19       07FD
__end_of_LCDPutChar                    text18       0950
__end_of_LCDPutCmd                     text20       0938
__end_of_LCDPutStr                     text17       0A13
__end_of_LCDWrite                      text21       090D
__end_of_LCD_Initialize                text14       0A43
__end_of_PORTS_MANAGER_Initialize      text13       0972
__end_of_SYSTEM_Initialize             text10       0996
__end_of_USART_Initialize              text11       0BA9
__end_of__Umul8_16                     text8        09E6
__end_of___aldiv                       text12       0CC2
__end_of___fldiv                       text9        0633
__end_of___flmul                       text7        0393
__end_of___fltol                       text6        0C25
__end_of___lwdiv                       text5        0AC5
__end_of___lwmod                       text4        0A7F
__end_of___wmul                        text3        09BD
__end_of___xxtofl                      text23       0D7C
__end_of__initialization               cinit        002E
__end_of__stringtab                    strings      0810
__end_of_dpowers                       strings      081A
__end_of_isdigit                       text2        0921
__end_of_main                          maintext     1000
__end_of_myISR                         text22       0B36
__end_of_sprintf                       text1        07CC
__initialization                       cinit        0013
__pbssBANK0                            bssBANK0     0062
__pbssBANK1                            bssBANK1     00A0
__pbssBANK3                            bssBANK3     0190
__pcstackBANK0                         cstackBANK0  0020
__pcstackBANK1                         cstackBANK1  00D4
__pcstackCOMMON                        cstackCOMMON 0070
__pintentry                            intentry     0004
__pmaintext                            maintext     0D7C
__pstrings                             strings      0800
__ptext1                               text1        0633
__ptext10                              text10       0972
__ptext11                              text11       0B36
__ptext12                              text12       0C25
__ptext13                              text13       0950
__ptext14                              text14       0A13
__ptext15                              text15       08E6
__ptext16                              text16       08F1
__ptext17                              text17       09E6
__ptext18                              text18       0938
__ptext19                              text19       07CC
__ptext2                               text2        090D
__ptext20                              text20       0921
__ptext21                              text21       08FD
__ptext22                              text22       0AC5
__ptext23                              text23       0CC2
__ptext3                               text3        0996
__ptext4                               text4        0A43
__ptext5                               text5        0A7F
__ptext6                               text6        0BA9
__ptext7                               text7        0032
__ptext8                               text8        09BD
__ptext9                               text9        0393
__size_of_ADC_Initialize               (abs)        0000
__size_of_INTERRUPT_MANAGER_Initialize (abs)        0000
__size_of_LCDGoto                      (abs)        0000
__size_of_LCDPutChar                   (abs)        0000
__size_of_LCDPutCmd                    (abs)        0000
__size_of_LCDPutStr                    (abs)        0000
__size_of_LCDWrite                     (abs)        0000
__size_of_LCD_Initialize               (abs)        0000
__size_of_PORTS_MANAGER_Initialize     (abs)        0000
__size_of_SYSTEM_Initialize            (abs)        0000
__size_of_USART_Initialize             (abs)        0000
__size_of__Umul8_16                    (abs)        0000
__size_of___aldiv                      (abs)        0000
__size_of___fldiv                      (abs)        0000
__size_of___flmul                      (abs)        0000
__size_of___fltol                      (abs)        0000
__size_of___lwdiv                      (abs)        0000
__size_of___lwmod                      (abs)        0000
__size_of___wmul                       (abs)        0000
__size_of___xxtofl                     (abs)        0000
__size_of_isdigit                      (abs)        0000
__size_of_main                         (abs)        0000
__size_of_myISR                        (abs)        0000
__size_of_sprintf                      (abs)        0000
__stringbase                           strings      080F
__stringtab                            strings      0800
_adc_channel_pointer                   bssBANK0     0067
_cont                                  bssBANK1     00AA
_contador                              bssBANK0     0064
_digits1                               bssBANK1     00A7
_digits2                               bssBANK1     00A4
_dpowers                               strings      0810
_i                                     bssBANK0     0066
_isdigit                               text2        090D
_isdigit$931                           cstackBANK0  0027
_main                                  maintext     0D7C
_myISR                                 text22       0AC5
_read_value                            bssBANK0     0065
_sprintf                               text1        0633
_voltage                               bssBANK1     00A0
_voltage_int                           bssBANK0     0062
btemp                                  (abs)        007E
clear_ram0                             clrtext      08DE
end_of_initialization                  cinit        002E
interrupt_function                     intentry     0004
intlevel0                              functab      0000
intlevel1                              functab      0000
intlevel2                              functab      0000
intlevel3                              functab      0000
intlevel4                              functab      0000
intlevel5                              functab      0000
isdigit@c                              cstackBANK0  0028
reset_vec                              reset_vec    0000
saved_w                                (abs)        007E
sprintf@ap                             cstackBANK0  0049
sprintf@c                              cstackBANK0  0050
sprintf@f                              cstackBANK0  0037
sprintf@flag                           cstackBANK0  004B
sprintf@prec                           cstackBANK0  004A
sprintf@sp                             cstackBANK0  0035
sprintf@val                            cstackBANK0  004C
sprintf@width                          cstackBANK0  004E
start                                  init         0010
start_initialization                   cinit        0013
wtemp0                                 (abs)        007E


FUNCTION INFORMATION:

 *************** function _main *****************
 Defined at:
		line 76 in file "main.c"
 Parameters:    Size  Location     Type
		None
 Auto vars:     Size  Location     Type
		None
 Return value:  Size  Location     Type
                  1    wreg      void 
 Registers used:
		wreg, fsr0l, fsr0h, status,2, status,0, btemp+1, pclath, cstack
 Tracked objects:
		On entry : 
		On exit  : 
		Unchanged: 
 Data sizes:     COMMON   BANK0   BANK1   BANK3   BANK2
      Params:         0       0       0       0       0
      Locals:         0       0       0       0       0
      Temps:          0       0      15       0       0
      Totals:         0       0      15       0       0
Total ram usage:       15 bytes
 Hardware stack levels required when called:    6
 This function calls:
		_LCDGoto
		_LCDPutStr
		_SYSTEM_Initialize
		___fldiv
		___flmul
		___fltol
		___lwdiv
		___lwmod
		_sprintf
 This function is called by:
		Startup code after reset
 This function uses a non-reentrant model


 *************** function _sprintf *****************
 Defined at:
		line 505 in file "C:\Program Files\Microchip\xc8\v2.31\pic\sources\c90\common\doprnt.c"
 Parameters:    Size  Location     Type
  sp              2   21[BANK0 ] PTR unsigned char 
		 -> Buffer1(20), Buffer(20), Buffer2(20), 
  f               1   23[BANK0 ] PTR const unsigned char 
		 -> STR_5(24), STR_4(4), STR_3(9), STR_2(9), 
 Auto vars:     Size  Location     Type
  tmpval          4    0        struct .
  width           2   46[BANK0 ] int 
  val             2   44[BANK0 ] unsigned int 
  cp              2    0        PTR const unsigned char 
  len             2    0        unsigned int 
  c               1   48[BANK0 ] unsigned char 
  flag            1   43[BANK0 ] unsigned char 
  prec            1   42[BANK0 ] char 
  ap              1   41[BANK0 ] PTR void [1]
		 -> ?_sprintf(2), 
 Return value:  Size  Location     Type
                  2   21[BANK0 ] int 
 Registers used:
		wreg, fsr0l, fsr0h, status,2, status,0, btemp+1, pclath, cstack
 Tracked objects:
		On entry : 
		On exit  : 
		Unchanged: 
 Data sizes:     COMMON   BANK0   BANK1   BANK3   BANK2
      Params:         0      17       0       0       0
      Locals:         0       8       0       0       0
      Temps:          0       3       0       0       0
      Totals:         0      28       0       0       0
Total ram usage:       28 bytes
 Hardware stack levels used:    1
 Hardware stack levels required when called:    3
 This function calls:
		___lwdiv
		___lwmod
		___wmul
		_isdigit
 This function is called by:
		_main
 This function uses a non-reentrant model


 *************** function _isdigit *****************
 Defined at:
		line 8 in file "C:\Program Files\Microchip\xc8\v2.31\pic\sources\c90\common\isdigit.c"
 Parameters:    Size  Location     Type
  c               1    wreg     unsigned char 
 Auto vars:     Size  Location     Type
  c               1    8[BANK0 ] unsigned char 
 Return value:  Size  Location     Type
		None               void
 Registers used:
		wreg, status,2, status,0
 Tracked objects:
		On entry : 
		On exit  : 
		Unchanged: 
 Data sizes:     COMMON   BANK0   BANK1   BANK3   BANK2
      Params:         0       0       0       0       0
      Locals:         0       2       0       0       0
      Temps:          0       0       0       0       0
      Totals:         0       2       0       0       0
Total ram usage:        2 bytes
 Hardware stack levels used:    1
 Hardware stack levels required when called:    2
 This function calls:
		Nothing
 This function is called by:
		_sprintf
 This function uses a non-reentrant model


 *************** function ___wmul *****************
 Defined at:
		line 15 in file "C:\Program Files\Microchip\xc8\v2.31\pic\sources\c90\common\Umul16.c"
 Parameters:    Size  Location     Type
  multiplier      2    7[BANK0 ] unsigned int 
  multiplicand    2    9[BANK0 ] unsigned int 
 Auto vars:     Size  Location     Type
  product         2   11[BANK0 ] unsigned int 
 Return value:  Size  Location     Type
                  2    7[BANK0 ] unsigned int 
 Registers used:
		wreg, status,2, status,0
 Tracked objects:
		On entry : 
		On exit  : 
		Unchanged: 
 Data sizes:     COMMON   BANK0   BANK1   BANK3   BANK2
      Params:         0       4       0       0       0
      Locals:         0       2       0       0       0
      Temps:          0       0       0       0       0
      Totals:         0       6       0       0       0
Total ram usage:        6 bytes
 Hardware stack levels used:    1
 Hardware stack levels required when called:    2
 This function calls:
		Nothing
 This function is called by:
		_sprintf
 This function uses a non-reentrant model


 *************** function ___lwmod *****************
 Defined at:
		line 5 in file "C:\Program Files\Microchip\xc8\v2.31\pic\sources\c90\common\lwmod.c"
 Parameters:    Size  Location     Type
  divisor         2   15[BANK0 ] unsigned int 
  dividend        2   17[BANK0 ] unsigned int 
 Auto vars:     Size  Location     Type
  counter         1   20[BANK0 ] unsigned char 
 Return value:  Size  Location     Type
                  2   15[BANK0 ] unsigned int 
 Registers used:
		wreg, status,2, status,0
 Tracked objects:
		On entry : 
		On exit  : 
		Unchanged: 
 Data sizes:     COMMON   BANK0   BANK1   BANK3   BANK2
      Params:         0       4       0       0       0
      Locals:         0       1       0       0       0
      Temps:          0       1       0       0       0
      Totals:         0       6       0       0       0
Total ram usage:        6 bytes
 Hardware stack levels used:    1
 Hardware stack levels required when called:    2
 This function calls:
		Nothing
 This function is called by:
		_main
		_sprintf
 This function uses a non-reentrant model


 *************** function ___lwdiv *****************
 Defined at:
		line 5 in file "C:\Program Files\Microchip\xc8\v2.31\pic\sources\c90\common\lwdiv.c"
 Parameters:    Size  Location     Type
  divisor         2    7[BANK0 ] unsigned int 
  dividend        2    9[BANK0 ] unsigned int 
 Auto vars:     Size  Location     Type
  quotient        2   12[BANK0 ] unsigned int 
  counter         1   14[BANK0 ] unsigned char 
 Return value:  Size  Location     Type
                  2    7[BANK0 ] unsigned int 
 Registers used:
		wreg, status,2, status,0
 Tracked objects:
		On entry : 
		On exit  : 
		Unchanged: 
 Data sizes:     COMMON   BANK0   BANK1   BANK3   BANK2
      Params:         0       4       0       0       0
      Locals:         0       3       0       0       0
      Temps:          0       1       0       0       0
      Totals:         0       8       0       0       0
Total ram usage:        8 bytes
 Hardware stack levels used:    1
 Hardware stack levels required when called:    2
 This function calls:
		Nothing
 This function is called by:
		_main
		_sprintf
 This function uses a non-reentrant model


 *************** function ___fltol *****************
 Defined at:
		line 43 in file "C:\Program Files\Microchip\xc8\v2.31\pic\sources\c90\common\fltol.c"
 Parameters:    Size  Location     Type
  f1              4   55[BANK0 ] unsigned int 
 Auto vars:     Size  Location     Type
  exp1            1   65[BANK0 ] unsigned char 
  sign1           1   64[BANK0 ] unsigned char 
 Return value:  Size  Location     Type
                  4   55[BANK0 ] long 
 Registers used:
		wreg, status,2, status,0
 Tracked objects:
		On entry : 
		On exit  : 
		Unchanged: 
 Data sizes:     COMMON   BANK0   BANK1   BANK3   BANK2
      Params:         0       4       0       0       0
      Locals:         0       2       0       0       0
      Temps:          0       5       0       0       0
      Totals:         0      11       0       0       0
Total ram usage:       11 bytes
 Hardware stack levels used:    1
 Hardware stack levels required when called:    2
 This function calls:
		Nothing
 This function is called by:
		_main
 This function uses a non-reentrant model


 *************** function ___flmul *****************
 Defined at:
		line 8 in file "C:\Program Files\Microchip\xc8\v2.31\pic\sources\c90\common\sprcmul.c"
 Parameters:    Size  Location     Type
  b               4   16[BANK0 ] long 
  a               4   20[BANK0 ] long 
 Auto vars:     Size  Location     Type
  prod            4   36[BANK0 ] struct .
  grs             4   30[BANK0 ] unsigned long 
  temp            2   40[BANK0 ] struct .
  bexp            1   35[BANK0 ] unsigned char 
  aexp            1   34[BANK0 ] unsigned char 
  sign            1   29[BANK0 ] unsigned char 
 Return value:  Size  Location     Type
                  4   16[BANK0 ] unsigned char 
 Registers used:
		wreg, status,2, status,0, btemp+1, pclath, cstack
 Tracked objects:
		On entry : 
		On exit  : 
		Unchanged: 
 Data sizes:     COMMON   BANK0   BANK1   BANK3   BANK2
      Params:         0       8       0       0       0
      Locals:         0      13       0       0       0
      Temps:          0       5       0       0       0
      Totals:         0      26       0       0       0
Total ram usage:       26 bytes
 Hardware stack levels used:    1
 Hardware stack levels required when called:    3
 This function calls:
		__Umul8_16
 This function is called by:
		_main
 This function uses a non-reentrant model


 *************** function __Umul8_16 *****************
 Defined at:
		line 4 in file "C:\Program Files\Microchip\xc8\v2.31\pic\sources\c90\common\Umul8_16.c"
 Parameters:    Size  Location     Type
  multiplier      1    wreg     unsigned char 
  multiplicand    1    7[BANK0 ] unsigned char 
 Auto vars:     Size  Location     Type
  multiplier      1   15[BANK0 ] unsigned char 
  word_mpld       2   13[BANK0 ] unsigned int 
  product         2   11[BANK0 ] unsigned int 
 Return value:  Size  Location     Type
                  2    7[BANK0 ] unsigned int 
 Registers used:
		wreg, status,2, status,0
 Tracked objects:
		On entry : 
		On exit  : 
		Unchanged: 
 Data sizes:     COMMON   BANK0   BANK1   BANK3   BANK2
      Params:         0       2       0       0       0
      Locals:         0       5       0       0       0
      Temps:          0       2       0       0       0
      Totals:         0       9       0       0       0
Total ram usage:        9 bytes
 Hardware stack levels used:    1
 Hardware stack levels required when called:    2
 This function calls:
		Nothing
 This function is called by:
		___flmul
 This function uses a non-reentrant model


 *************** function ___fldiv *****************
 Defined at:
		line 8 in file "C:\Program Files\Microchip\xc8\v2.31\pic\sources\c90\common\sprcdiv.c"
 Parameters:    Size  Location     Type
  a               4   42[BANK0 ] unsigned int 
  b               4   46[BANK0 ] unsigned int 
 Auto vars:     Size  Location     Type
  grs             4    7[BANK1 ] unsigned long 
  rem             4    0[BANK1 ] unsigned long 
  new_exp         2    5[BANK1 ] int 
  aexp            1   12[BANK1 ] unsigned char 
  bexp            1   11[BANK1 ] unsigned char 
  sign            1    4[BANK1 ] unsigned char 
 Return value:  Size  Location     Type
                  4   42[BANK0 ] unsigned char 
 Registers used:
		wreg, status,2, status,0, btemp+1
 Tracked objects:
		On entry : 
		On exit  : 
		Unchanged: 
 Data sizes:     COMMON   BANK0   BANK1   BANK3   BANK2
      Params:         0       8       0       0       0
      Locals:         0       0      13       0       0
      Temps:          0       5       0       0       0
      Totals:         0      13      13       0       0
Total ram usage:       26 bytes
 Hardware stack levels used:    1
 Hardware stack levels required when called:    2
 This function calls:
		Nothing
 This function is called by:
		_main
 This function uses a non-reentrant model


 *************** function _SYSTEM_Initialize *****************
 Defined at:
		line 10 in file "lcs.c"
 Parameters:    Size  Location     Type
		None
 Auto vars:     Size  Location     Type
		None
 Return value:  Size  Location     Type
                  1    wreg      void 
 Registers used:
		wreg, status,2, status,0, pclath, cstack
 Tracked objects:
		On entry : 
		On exit  : 
		Unchanged: 
 Data sizes:     COMMON   BANK0   BANK1   BANK3   BANK2
      Params:         0       0       0       0       0
      Locals:         0       0       0       0       0
      Temps:          0       0       0       0       0
      Totals:         0       0       0       0       0
Total ram usage:        0 bytes
 Hardware stack levels used:    1
 Hardware stack levels required when called:    5
 This function calls:
		_ADC_Initialize
		_INTERRUPT_MANAGER_Initialize
		_LCD_Initialize
		_PORTS_MANAGER_Initialize
		_USART_Initialize
 This function is called by:
		_main
 This function uses a non-reentrant model


 *************** function _USART_Initialize *****************
 Defined at:
		line 16 in file "usart.c"
 Parameters:    Size  Location     Type
  baudrate        4   22[BANK0 ] const long 
 Auto vars:     Size  Location     Type
  x               4   38[BANK0 ] long 
 Return value:  Size  Location     Type
                  1    wreg      void 
 Registers used:
		wreg, status,2, status,0, pclath, cstack
 Tracked objects:
		On entry : 
		On exit  : 
		Unchanged: 
 Data sizes:     COMMON   BANK0   BANK1   BANK3   BANK2
      Params:         0       4       0       0       0
      Locals:         0       4       0       0       0
      Temps:          0      12       0       0       0
      Totals:         0      20       0       0       0
Total ram usage:       20 bytes
 Hardware stack levels used:    1
 Hardware stack levels required when called:    3
 This function calls:
		___aldiv
 This function is called by:
		_SYSTEM_Initialize
 This function uses a non-reentrant model


 *************** function ___aldiv *****************
 Defined at:
		line 5 in file "C:\Program Files\Microchip\xc8\v2.31\pic\sources\c90\common\aldiv.c"
 Parameters:    Size  Location     Type
  divisor         4    7[BANK0 ] long 
  dividend        4   11[BANK0 ] long 
 Auto vars:     Size  Location     Type
  quotient        4   18[BANK0 ] long 
  sign            1   17[BANK0 ] unsigned char 
  counter         1   16[BANK0 ] unsigned char 
 Return value:  Size  Location     Type
                  4    7[BANK0 ] long 
 Registers used:
		wreg, status,2, status,0
 Tracked objects:
		On entry : 
		On exit  : 
		Unchanged: 
 Data sizes:     COMMON   BANK0   BANK1   BANK3   BANK2
      Params:         0       8       0       0       0
      Locals:         0       6       0       0       0
      Temps:          0       1       0       0       0
      Totals:         0      15       0       0       0
Total ram usage:       15 bytes
 Hardware stack levels used:    1
 Hardware stack levels required when called:    2
 This function calls:
		Nothing
 This function is called by:
		_USART_Initialize
 This function uses a non-reentrant model


 *************** function _PORTS_MANAGER_Initialize *****************
 Defined at:
		line 10 in file "ports_manager.c"
 Parameters:    Size  Location     Type
		None
 Auto vars:     Size  Location     Type
		None
 Return value:  Size  Location     Type
                  1    wreg      void 
 Registers used:
		wreg, status,2
 Tracked objects:
		On entry : 
		On exit  : 
		Unchanged: 
 Data sizes:     COMMON   BANK0   BANK1   BANK3   BANK2
      Params:         0       0       0       0       0
      Locals:         0       0       0       0       0
      Temps:          0       0       0       0       0
      Totals:         0       0       0       0       0
Total ram usage:        0 bytes
 Hardware stack levels used:    1
 Hardware stack levels required when called:    2
 This function calls:
		Nothing
 This function is called by:
		_SYSTEM_Initialize
 This function uses a non-reentrant model


 *************** function _LCD_Initialize *****************
 Defined at:
		line 47 in file "lcd.c"
 Parameters:    Size  Location     Type
		None
 Auto vars:     Size  Location     Type
		None
 Return value:  Size  Location     Type
                  1    wreg      void 
 Registers used:
		wreg, status,2, status,0, pclath, cstack
 Tracked objects:
		On entry : 
		On exit  : 
		Unchanged: 
 Data sizes:     COMMON   BANK0   BANK1   BANK3   BANK2
      Params:         0       0       0       0       0
      Locals:         0       0       0       0       0
      Temps:          0       2       0       0       0
      Totals:         0       2       0       0       0
Total ram usage:        2 bytes
 Hardware stack levels used:    1
 Hardware stack levels required when called:    4
 This function calls:
		_LCDPutCmd
 This function is called by:
		_SYSTEM_Initialize
 This function uses a non-reentrant model


 *************** function _INTERRUPT_MANAGER_Initialize *****************
 Defined at:
		line 11 in file "interrupt_manager.c"
 Parameters:    Size  Location     Type
		None
 Auto vars:     Size  Location     Type
		None
 Return value:  Size  Location     Type
                  1    wreg      void 
 Registers used:
		None
 Tracked objects:
		On entry : 
		On exit  : 
		Unchanged: 
 Data sizes:     COMMON   BANK0   BANK1   BANK3   BANK2
      Params:         0       0       0       0       0
      Locals:         0       0       0       0       0
      Temps:          0       0       0       0       0
      Totals:         0       0       0       0       0
Total ram usage:        0 bytes
 Hardware stack levels used:    1
 Hardware stack levels required when called:    2
 This function calls:
		Nothing
 This function is called by:
		_SYSTEM_Initialize
 This function uses a non-reentrant model


 *************** function _ADC_Initialize *****************
 Defined at:
		line 10 in file "adc.c"
 Parameters:    Size  Location     Type
		None
 Auto vars:     Size  Location     Type
		None
 Return value:  Size  Location     Type
                  1    wreg      void 
 Registers used:
		wreg, status,2
 Tracked objects:
		On entry : 
		On exit  : 
		Unchanged: 
 Data sizes:     COMMON   BANK0   BANK1   BANK3   BANK2
      Params:         0       0       0       0       0
      Locals:         0       0       0       0       0
      Temps:          0       0       0       0       0
      Totals:         0       0       0       0       0
Total ram usage:        0 bytes
 Hardware stack levels used:    1
 Hardware stack levels required when called:    2
 This function calls:
		Nothing
 This function is called by:
		_SYSTEM_Initialize
 This function uses a non-reentrant model


 *************** function _LCDPutStr *****************
 Defined at:
		line 110 in file "lcd.c"
 Parameters:    Size  Location     Type
  str             2   12[BANK0 ] PTR const unsigned char 
		 -> Buffer1(20), Buffer(20), STR_1(17), 
 Auto vars:     Size  Location     Type
  i               1   15[BANK0 ] unsigned char 
 Return value:  Size  Location     Type
                  1    wreg      void 
 Registers used:
		wreg, fsr0l, fsr0h, status,2, status,0, btemp+1, pclath, cstack
 Tracked objects:
		On entry : 
		On exit  : 
		Unchanged: 
 Data sizes:     COMMON   BANK0   BANK1   BANK3   BANK2
      Params:         0       2       0       0       0
      Locals:         0       1       0       0       0
      Temps:          0       1       0       0       0
      Totals:         0       4       0       0       0
Total ram usage:        4 bytes
 Hardware stack levels used:    1
 Hardware stack levels required when called:    4
 This function calls:
		_LCDPutChar
 This function is called by:
		_main
 This function uses a non-reentrant model


 *************** function _LCDPutChar *****************
 Defined at:
		line 94 in file "lcd.c"
 Parameters:    Size  Location     Type
  ch              1    wreg     unsigned char 
 Auto vars:     Size  Location     Type
  ch              1   11[BANK0 ] unsigned char 
 Return value:  Size  Location     Type
                  1    wreg      void 
 Registers used:
		wreg, status,2, status,0, pclath, cstack
 Tracked objects:
		On entry : 
		On exit  : 
		Unchanged: 
 Data sizes:     COMMON   BANK0   BANK1   BANK3   BANK2
      Params:         0       0       0       0       0
      Locals:         0       1       0       0       0
      Temps:          0       2       0       0       0
      Totals:         0       3       0       0       0
Total ram usage:        3 bytes
 Hardware stack levels used:    1
 Hardware stack levels required when called:    3
 This function calls:
		_LCDWrite
 This function is called by:
		_LCDPutStr
 This function uses a non-reentrant model


 *************** function _LCDGoto *****************
 Defined at:
		line 122 in file "lcd.c"
 Parameters:    Size  Location     Type
  pos             1    wreg     unsigned char 
  ln              1   12[BANK0 ] unsigned char 
 Auto vars:     Size  Location     Type
  pos             1   17[BANK0 ] unsigned char 
 Return value:  Size  Location     Type
                  1    wreg      void 
 Registers used:
		wreg, status,2, status,0, pclath, cstack
 Tracked objects:
		On entry : 
		On exit  : 
		Unchanged: 
 Data sizes:     COMMON   BANK0   BANK1   BANK3   BANK2
      Params:         0       1       0       0       0
      Locals:         0       3       0       0       0
      Temps:          0       2       0       0       0
      Totals:         0       6       0       0       0
Total ram usage:        6 bytes
 Hardware stack levels used:    1
 Hardware stack levels required when called:    4
 This function calls:
		_LCDPutCmd
 This function is called by:
		_main
 This function uses a non-reentrant model


 *************** function _LCDPutCmd *****************
 Defined at:
		line 102 in file "lcd.c"
 Parameters:    Size  Location     Type
  ch              1    wreg     unsigned char 
 Auto vars:     Size  Location     Type
  ch              1   11[BANK0 ] unsigned char 
 Return value:  Size  Location     Type
                  1    wreg      void 
 Registers used:
		wreg, status,2, status,0, pclath, cstack
 Tracked objects:
		On entry : 
		On exit  : 
		Unchanged: 
 Data sizes:     COMMON   BANK0   BANK1   BANK3   BANK2
      Params:         0       0       0       0       0
      Locals:         0       1       0       0       0
      Temps:          0       2       0       0       0
      Totals:         0       3       0       0       0
Total ram usage:        3 bytes
 Hardware stack levels used:    1
 Hardware stack levels required when called:    3
 This function calls:
		_LCDWrite
 This function is called by:
		_LCD_Initialize
		_LCDGoto
 This function uses a non-reentrant model


 *************** function _LCDWrite *****************
 Defined at:
		line 73 in file "lcd.c"
 Parameters:    Size  Location     Type
  ch              1    wreg     unsigned char 
  rs              1    7[BANK0 ] unsigned char 
 Auto vars:     Size  Location     Type
  ch              1    8[BANK0 ] unsigned char 
 Return value:  Size  Location     Type
                  1    wreg      void 
 Registers used:
		wreg, status,2, status,0
 Tracked objects:
		On entry : 
		On exit  : 
		Unchanged: 
 Data sizes:     COMMON   BANK0   BANK1   BANK3   BANK2
      Params:         0       1       0       0       0
      Locals:         0       1       0       0       0
      Temps:          0       0       0       0       0
      Totals:         0       2       0       0       0
Total ram usage:        2 bytes
 Hardware stack levels used:    1
 Hardware stack levels required when called:    2
 This function calls:
		Nothing
 This function is called by:
		_LCDPutChar
		_LCDPutCmd
 This function uses a non-reentrant model


 *************** function _myISR *****************
 Defined at:
		line 39 in file "main.c"
 Parameters:    Size  Location     Type
		None
 Auto vars:     Size  Location     Type
		None
 Return value:  Size  Location     Type
                  1    wreg      void 
 Registers used:
		wreg, fsr0l, fsr0h, status,2, status,0, pclath, cstack
 Tracked objects:
		On entry : 
		On exit  : 
		Unchanged: 
 Data sizes:     COMMON   BANK0   BANK1   BANK3   BANK2
      Params:         0       0       0       0       0
      Locals:         0       0       0       0       0
      Temps:          0       7       0       0       0
      Totals:         0       7       0       0       0
Total ram usage:        7 bytes
 Hardware stack levels used:    1
 Hardware stack levels required when called:    1
 This function calls:
		___xxtofl
 This function is called by:
		Interrupt level 1
 This function uses a non-reentrant model


 *************** function ___xxtofl *****************
 Defined at:
		line 10 in file "C:\Program Files\Microchip\xc8\v2.31\pic\sources\c90\common\xxtofl.c"
 Parameters:    Size  Location     Type
  sign            1    wreg     unsigned char 
  val             4    0[COMMON] long 
 Auto vars:     Size  Location     Type
  sign            1    8[COMMON] unsigned char 
  arg             4   10[COMMON] unsigned long 
  exp             1    9[COMMON] unsigned char 
 Return value:  Size  Location     Type
                  4    0[COMMON] unsigned char 
 Registers used:
		wreg, status,2, status,0
 Tracked objects:
		On entry : 
		On exit  : 
		Unchanged: 
 Data sizes:     COMMON   BANK0   BANK1   BANK3   BANK2
      Params:         4       0       0       0       0
      Locals:         6       0       0       0       0
      Temps:          4       0       0       0       0
      Totals:        14       0       0       0       0
Total ram usage:       14 bytes
 Hardware stack levels used:    1
 This function calls:
		Nothing
 This function is called by:
		_myISR
 This function uses a non-reentrant model



MODULE INFORMATION

Module		Function		Class		Link	Load	Size
C:\Program Files\Microchip\xc8\v2.31\pic\sources\c90\common\sprcmul.c
		___flmul       		CODE           	0032	0000	865

C:\Program Files\Microchip\xc8\v2.31\pic\sources\c90\common\sprcmul.c estimated size: 865

C:\Program Files\Microchip\xc8\v2.31\pic\sources\c90\common\sprcdiv.c
		___fldiv       		CODE           	0393	0000	672

C:\Program Files\Microchip\xc8\v2.31\pic\sources\c90\common\sprcdiv.c estimated size: 672

C:\Program Files\Microchip\xc8\v2.31\pic\sources\c90\common\Umul8_16.c
		__Umul8_16     		CODE           	09BD	0000	41

C:\Program Files\Microchip\xc8\v2.31\pic\sources\c90\common\Umul8_16.c estimated size: 41

C:\Program Files\Microchip\xc8\v2.31\pic\sources\c90\common\doprnt.c
		_sprintf       		CODE           	0633	0000	409

C:\Program Files\Microchip\xc8\v2.31\pic\sources\c90\common\doprnt.c estimated size: 409

C:\Program Files\Microchip\xc8\v2.31\pic\sources\c90\common\lwmod.c
		___lwmod       		CODE           	0A43	0000	60

C:\Program Files\Microchip\xc8\v2.31\pic\sources\c90\common\lwmod.c estimated size: 60

usart.c
		_USART_Initialize		CODE           	0B36	0000	115

usart.c estimated size: 115

C:\Program Files\Microchip\xc8\v2.31\pic\sources\c90\common\Umul16.c
		___wmul        		CODE           	0996	0000	39

C:\Program Files\Microchip\xc8\v2.31\pic\sources\c90\common\Umul16.c estimated size: 39

C:\Program Files\Microchip\xc8\v2.31\pic\sources\c90\common\isdigit.c
		_isdigit       		CODE           	090D	0000	20

C:\Program Files\Microchip\xc8\v2.31\pic\sources\c90\common\isdigit.c estimated size: 20

adc.c
		_ADC_Initialize		CODE           	08F1	0000	12

adc.c estimated size: 12

ports_manager.c
		_PORTS_MANAGER_Initialize		CODE           	0950	0000	34

ports_manager.c estimated size: 34

C:\Program Files\Microchip\xc8\v2.31\pic\sources\c90\common\lwdiv.c
		___lwdiv       		CODE           	0A7F	0000	70

C:\Program Files\Microchip\xc8\v2.31\pic\sources\c90\common\lwdiv.c estimated size: 70

shared
		__stringtab    		STRING         	0800	0000	16
		_dpowers       		STRING         	0810	0000	10
		__initialization		CODE           	0013	0000	27

shared estimated size: 53

C:\Program Files\Microchip\xc8\v2.31\pic\sources\c90\common\fltol.c
		___fltol       		CODE           	0BA9	0000	124

C:\Program Files\Microchip\xc8\v2.31\pic\sources\c90\common\fltol.c estimated size: 124

C:\Program Files\Microchip\xc8\v2.31\pic\sources\c90\common\xxtofl.c
		___xxtofl      		CODE           	0CC2	0000	186

C:\Program Files\Microchip\xc8\v2.31\pic\sources\c90\common\xxtofl.c estimated size: 186

C:\Program Files\Microchip\xc8\v2.31\pic\sources\c90\common\aldiv.c
		___aldiv       		CODE           	0C25	0000	157

C:\Program Files\Microchip\xc8\v2.31\pic\sources\c90\common\aldiv.c estimated size: 157

interrupt_manager.c
		_INTERRUPT_MANAGER_Initialize		CODE           	08E6	0000	11

interrupt_manager.c estimated size: 11

lcd.c
		_LCDPutCmd     		CODE           	0921	0000	23
		_LCDPutStr     		CODE           	09E6	0000	45
		_LCDWrite      		CODE           	08FD	0000	16
		_LCDPutChar    		CODE           	0938	0000	24
		_LCD_Initialize		CODE           	0A13	0000	48
		_LCDGoto       		CODE           	07CC	0000	49

lcd.c estimated size: 205

lcs.c
		_SYSTEM_Initialize		CODE           	0972	0000	36

lcs.c estimated size: 36

main.c
		_myISR         		CODE           	0AC5	0000	113
		_main          		CODE           	0D7C	0000	644

main.c estimated size: 757

