Microchip MPLAB XC8 Compiler V2.31

Linker command line:

-W-3 --edf=C:\Program Files\Microchip\xc8\v2.31\pic\dat\en_msgs.txt -cn \
  -h+dist/default/production\LAB3.X.production.sym \
  --cmf=dist/default/production\LAB3.X.production.cmf -z -Q16F887 \
  -oC:\Users\emili\AppData\Local\Temp\sg34.3 --defsym=__MPLAB_BUILD=1 \
  -Mdist/default/production/LAB3.X.production.map -E1 -ver=XC8 Compiler \
  --acfsm=1493 -ASTACK=0110h-016Fh -pstack=STACK -ACODE=00h-07FFhx4 \
  -ASTRCODE=00h-01FFFh -ASTRING=00h-0FFhx32 -ACONST=00h-0FFhx32 \
  -AENTRY=00h-0FFhx32 -ACOMMON=070h-07Fh -ABANK0=020h-06Fh \
  -ABANK1=0A0h-0EFh -ABANK2=0110h-016Fh -ABANK3=0190h-01EFh \
  -ARAM=020h-06Fh,0A0h-0EFh,0110h-016Fh,0190h-01EFh \
  -AABS1=020h-07Fh,0A0h-0EFh,0110h-016Fh,0190h-01EFh -ASFR0=00h-01Fh \
  -ASFR1=080h-09Fh -ASFR2=0100h-010Fh -ASFR3=0180h-018Fh \
  -ACONFIG=02007h-02008h -DCONFIG=2 -AIDLOC=02000h-02003h -DIDLOC=2 \
  -AEEDATA=00h-0FFh/02100h -peeprom_data=EEDATA -DEEDATA=2 -DCODE=2 \
  -DSTRCODE=2 -DSTRING=2 -DCONST=2 -DENTRY=2 \
  -preset_vec=00h,intentry=04h,init,end_init -ppowerup=CODE -pcinit=CODE \
  -pfunctab=ENTRY -k C:\Users\emili\AppData\Local\Temp\sg34.o \
  dist/default/production\LAB3.X.production.o 

Object code version is 3.11

Machine type is 16F887



                Name                               Link     Load   Length Selector   Space Scale
C:\Users\emili\AppData\Local\Temp\sg34.o
                end_init                              E        E        3        8       0
                reset_vec                             0        0        3        0       0
                config                             2007     2007        2        0       4
dist/default/production\LAB3.X.production.o
                cinit                                11       11       14        8       0
                intentry                              4        4        A        8       0
                config                             2007     2007        2        0       4
                text19                              D69      D69       BA     1AD2       0
                text18                              CB0      CB0       37     1960       0
                text17                              B7D      B7D       10     16FA       0
                text16                              BA2      BA2       17     1744       0
                text15                              C7F      C7F       31     18FE       0
                text14                              BB9      BB9       18     1772       0
                text13                              C22      C22       2D     1844       0
                text12                              B71      B71        C     16E2       0
                text11                              B68      B68        9     16D0       0
                text10                              C4F      C4F       30     189E       0
                text9                               BD1      BD1       28     17A2       0
                text8                               B8D      B8D       15     171A       0
                text7                               E23      E23      1DD     1C46       0
                text6                               BF9      BF9       29     17F2       0
                text5                                25       25      361        8       0
                text4                               76A      76A       92        8       0
                text3                               D23      D23       46     1A46       0
                text2                               CE7      CE7       3C     19CE       0
                text1                               680      680       EA        8       0
                maintext                            386      386      2FA        8       0
                cstackBANK0                          20       20       45       20       1
                cstackCOMMON                         70       70        E       70       1
                cstackBANK1                          BB       BB        C       A0       1
                clrtext                             B60      B60        8     16C0       0
                bssBANK1                             A0       A0       1B       A0       1
                bssBANK0                             65       65        5       20       1
                strings                             800      800       34     1000       0

TOTAL           Name                               Link     Load   Length     Space
        CLASS   STACK          

        CLASS   CODE           
                end_init                              E        E        3         0
                cinit                                11       11       14         0
                intentry                              4        4        A         0
                reset_vec                             0        0        3         0
                text19                              D69      D69       BA         0
                text18                              CB0      CB0       37         0
                text17                              B7D      B7D       10         0
                text16                              BA2      BA2       17         0
                text15                              C7F      C7F       31         0
                text14                              BB9      BB9       18         0
                text13                              C22      C22       2D         0
                text12                              B71      B71        C         0
                text11                              B68      B68        9         0
                text10                              C4F      C4F       30         0
                text9                               BD1      BD1       28         0
                text8                               B8D      B8D       15         0
                text7                               E23      E23      1DD         0
                text6                               BF9      BF9       29         0
                text5                                25       25      361         0
                text4                               76A      76A       92         0
                text3                               D23      D23       46         0
                text2                               CE7      CE7       3C         0
                text1                               680      680       EA         0
                maintext                            386      386      2FA         0
                clrtext                             B60      B60        8         0

        CLASS   STRCODE        

        CLASS   STRING         
                strings                             800      800       34         0

        CLASS   CONST          

        CLASS   ENTRY          

        CLASS   COMMON         
                cstackCOMMON                         70       70        E         1

        CLASS   BANK0          
                cstackBANK0                          20       20       45         1
                bssBANK0                             65       65        5         1

        CLASS   BANK1          
                cstackBANK1                          BB       BB        C         1
                bssBANK1                             A0       A0       1B         1

        CLASS   BANK2          

        CLASS   BANK3          

        CLASS   RAM            

        CLASS   ABS1           
                abs_s1                               7E       7E        2         1

        CLASS   SFR0           

        CLASS   SFR1           

        CLASS   SFR2           

        CLASS   SFR3           

        CLASS   CONFIG         
                config                             2007     2007        2         4

        CLASS   IDLOC          

        CLASS   EEDATA         



SEGMENTS        Name                           Load    Length   Top    Selector   Space  Class     Delta

                reset_vec                      000000  000003  000003         0       0  CODE        2
                intentry                       000004  0007F8  0007FC         8       0  CODE        2
                cstackBANK0                    000020  00004A  00006A        20       1  BANK0       1
                cstackCOMMON                   000070  00000E  00007E        70       1  COMMON      1
                bssBANK1                       0000A0  000027  0000C7        A0       1  BANK1       1
                strings                        000800  000034  000834      1000       0  STRING      2
                clrtext                        000B60  000008  000B68      16C0       0  CODE        2
                text11                         000B68  000009  000B71      16D0       0  CODE        2
                text12                         000B71  00000C  000B7D      16E2       0  CODE        2
                text17                         000B7D  000010  000B8D      16FA       0  CODE        2
                text8                          000B8D  000015  000BA2      171A       0  CODE        2
                text16                         000BA2  000017  000BB9      1744       0  CODE        2
                text14                         000BB9  000018  000BD1      1772       0  CODE        2
                text9                          000BD1  000028  000BF9      17A2       0  CODE        2
                text6                          000BF9  000029  000C22      17F2       0  CODE        2
                text13                         000C22  00002D  000C4F      1844       0  CODE        2
                text10                         000C4F  000030  000C7F      189E       0  CODE        2
                text15                         000C7F  000031  000CB0      18FE       0  CODE        2
                text18                         000CB0  000037  000CE7      1960       0  CODE        2
                text2                          000CE7  00003C  000D23      19CE       0  CODE        2
                text3                          000D23  000046  000D69      1A46       0  CODE        2
                text19                         000D69  0000BA  000E23      1AD2       0  CODE        2
                text7                          000E23  0001DD  001000      1C46       0  CODE        2


UNUSED ADDRESS RANGES

        Name                Unused          Largest block    Delta
        BANK0            006A-006F              6           1
        BANK1            00C7-00EF             29           1
        BANK2            0110-016F             60           1
        BANK3            0190-01EF             60           1
        CODE             0003-0003              1           2
                         07FC-07FF              4
                         0834-0B5F            32C
                         1000-1FFF            800
        CONST            0003-0003              1           2
                         07FC-07FF              4
                         0834-0B5F            100
                         1000-1FFF            100
        EEDATA           2100-21FF            100           2
        ENTRY            0003-0003              1           2
                         07FC-07FF              4
                         0834-0B5F            100
                         1000-1FFF            100
        IDLOC            2000-2003              4           2
        RAM              006A-006F              6           1
                         00C7-00EF             29
                         0110-016F             60
                         0190-01EF             60
        SFR0             0000-001F             20           1
        SFR1             0080-009F             20           1
        SFR2             0100-010F             10           1
        SFR3             0180-018F             10           1
        STACK            0110-016F             60           1
        STRCODE          0003-0003              1           2
                         07FC-07FF              4
                         0834-0B5F            32C
                         1000-1FFF           1000
        STRING           0003-0003              1           2
                         07FC-07FF              4
                         0834-0B5F            100
                         1000-1FFF            100

                                  Symbol Table

?__Umul8_16                            cstackBANK0  0026
?___fldiv                              cstackBANK0  0049
?___flmul                              cstackBANK0  002F
?___fltol                              cstackBANK1  00BB
?___lwdiv                              cstackBANK0  0026
?___lwmod                              cstackBANK0  002E
?___xxtofl                             cstackCOMMON 0070
?_sprintf                              cstackBANK0  0034
LCDGoto@ln                             cstackBANK0  002B
LCDGoto@pos                            cstackBANK0  0030
LCDPutChar@ch                          cstackBANK0  002A
LCDPutCmd@ch                           cstackBANK0  002A
LCDPutStr@i                            cstackBANK0  002E
LCDPutStr@str                          cstackBANK0  002B
LCDWrite@ch                            cstackBANK0  0027
LCDWrite@rs                            cstackBANK0  0026
_ADCON0                                (abs)        001F
_ADCON0bits                            (abs)        001F
_ADCON1                                (abs)        009F
_ADC_Initialize                        text12       0B71
_ADRESH                                (abs)        001E
_ADRESL                                (abs)        009E
_ANSEL                                 (abs)        0188
_ANSELH                                (abs)        0189
_Buffer                                bssBANK1     00A7
_INTCON                                (abs)        000B
_INTERRUPT_MANAGER_Initialize          text11       0B68
_IOCB                                  (abs)        0096
_LCDGoto                               text15       0C7F
_LCDGoto$243                           cstackBANK0  002E
_LCDPutChar                            text14       0BB9
_LCDPutCmd                             text16       0BA2
_LCDPutStr                             text13       0C22
_LCDWrite                              text17       0B7D
_LCD_Initialize                        text10       0C4F
_PIE1                                  (abs)        008C
_PIR1bits                              (abs)        000C
_PORTA                                 (abs)        0005
_PORTB                                 (abs)        0006
_PORTBbits                             (abs)        0006
_PORTC                                 (abs)        0007
_PORTD                                 (abs)        0008
_PORTE                                 (abs)        0009
_PORTS_MANAGER_Initialize              text9        0BD1
_SYSTEM_Initialize                     text8        0B8D
_TRISA                                 (abs)        0085
_TRISB                                 (abs)        0086
_TRISC                                 (abs)        0087
_TRISD                                 (abs)        0088
_TRISE                                 (abs)        0089
__Habs1                                abs1         0000
__Hbank0                               bank0        0000
__Hbank1                               bank1        0000
__Hbank2                               bank2        0000
__Hbank3                               bank3        0000
__HbssBANK0                            bssBANK0     0000
__HbssBANK1                            bssBANK1     0000
__Hcinit                               cinit        0025
__Hclrtext                             clrtext      0000
__Hcode                                code         0000
__Hcommon                              common       0000
__Hconfig                              config       2009
__HcstackBANK0                         cstackBANK0  0000
__HcstackBANK1                         cstackBANK1  0000
__HcstackCOMMON                        cstackCOMMON 0000
__Heeprom_data                         eeprom_data  0000
__Hend_init                            end_init     0011
__Hfunctab                             functab      0000
__Hinit                                init         000E
__Hintentry                            intentry     000E
__Hmaintext                            maintext     0000
__Hpowerup                             powerup      0000
__Hram                                 ram          0000
__Hreset_vec                           reset_vec    0003
__Hsfr0                                sfr0         0000
__Hsfr1                                sfr1         0000
__Hsfr2                                sfr2         0000
__Hsfr3                                sfr3         0000
__Hspace_0                             (abs)        1000
__Hspace_1                             (abs)        00C7
__Hspace_2                             (abs)        0000
__Hspace_3                             (abs)        0000
__Hspace_4                             (abs)        4010
__Hstack                               stack        0000
__Hstrings                             strings      0000
__Htext                                text         0000
__Labs1                                abs1         0000
__Lbank0                               bank0        0000
__Lbank1                               bank1        0000
__Lbank2                               bank2        0000
__Lbank3                               bank3        0000
__LbssBANK0                            bssBANK0     0000
__LbssBANK1                            bssBANK1     0000
__Lcinit                               cinit        0011
__Lclrtext                             clrtext      0000
__Lcode                                code         0000
__Lcommon                              common       0000
__Lconfig                              config       0000
__LcstackBANK0                         cstackBANK0  0000
__LcstackBANK1                         cstackBANK1  0000
__LcstackCOMMON                        cstackCOMMON 0000
__Leeprom_data                         eeprom_data  0000
__Lend_init                            end_init     000E
__Lfunctab                             functab      0000
__Linit                                init         000E
__Lintentry                            intentry     0004
__Lmaintext                            maintext     0000
__Lpowerup                             powerup      0000
__Lram                                 ram          0000
__Lreset_vec                           reset_vec    0000
__Lsfr0                                sfr0         0000
__Lsfr1                                sfr1         0000
__Lsfr2                                sfr2         0000
__Lsfr3                                sfr3         0000
__Lspace_0                             (abs)        0000
__Lspace_1                             (abs)        0000
__Lspace_2                             (abs)        0000
__Lspace_3                             (abs)        0000
__Lspace_4                             (abs)        0000
__Lstack                               stack        0000
__Lstrings                             strings      0000
__Ltext                                text         0000
__S0                                   (abs)        1000
__S1                                   (abs)        00C7
__S2                                   (abs)        0000
__S3                                   (abs)        0000
__Umul8_16                             text6        0BF9
__Umul8_16@multiplicand                cstackBANK0  0026
__Umul8_16@multiplier                  cstackBANK0  002E
__Umul8_16@product                     cstackBANK0  002A
__Umul8_16@word_mpld                   cstackBANK0  002C
___fldiv                               text7        0E23
___fldiv@a                             cstackBANK0  0049
___fldiv@aexp                          cstackBANK0  0062
___fldiv@b                             cstackBANK0  004D
___fldiv@bexp                          cstackBANK0  0061
___fldiv@grs                           cstackBANK0  005D
___fldiv@new_exp                       cstackBANK0  005B
___fldiv@rem                           cstackBANK0  0056
___fldiv@sign                          cstackBANK0  005A
___flmul                               text5        0025
___flmul@a                             cstackBANK0  0033
___flmul@aexp                          cstackBANK0  0041
___flmul@b                             cstackBANK0  002F
___flmul@bexp                          cstackBANK0  0042
___flmul@grs                           cstackBANK0  003D
___flmul@prod                          cstackBANK0  0043
___flmul@sign                          cstackBANK0  003C
___flmul@temp                          cstackBANK0  0047
___fltol                               text4        076A
___fltol@exp1                          cstackBANK0  0064
___fltol@f1                            cstackBANK1  00BB
___fltol@sign1                         cstackBANK0  0063
___int_sp                              stack        0000
___latbits                             (abs)        0002
___lwdiv                               text3        0D23
___lwdiv@counter                       cstackBANK0  002D
___lwdiv@dividend                      cstackBANK0  0028
___lwdiv@divisor                       cstackBANK0  0026
___lwdiv@quotient                      cstackBANK0  002B
___lwmod                               text2        0CE7
___lwmod@counter                       cstackBANK0  0033
___lwmod@dividend                      cstackBANK0  0030
___lwmod@divisor                       cstackBANK0  002E
___sp                                  stack        0000
___stackhi                             (abs)        0000
___stacklo                             (abs)        0000
___xxtofl                              text19       0D69
___xxtofl@arg                          cstackCOMMON 007A
___xxtofl@exp                          cstackCOMMON 0079
___xxtofl@sign                         cstackCOMMON 0078
___xxtofl@val                          cstackCOMMON 0070
__end_of_ADC_Initialize                text12       0B7D
__end_of_INTERRUPT_MANAGER_Initialize  text11       0B71
__end_of_LCDGoto                       text15       0CB0
__end_of_LCDPutChar                    text14       0BD1
__end_of_LCDPutCmd                     text16       0BB9
__end_of_LCDPutStr                     text13       0C4F
__end_of_LCDWrite                      text17       0B8D
__end_of_LCD_Initialize                text10       0C7F
__end_of_PORTS_MANAGER_Initialize      text9        0BF9
__end_of_SYSTEM_Initialize             text8        0BA2
__end_of__Umul8_16                     text6        0C22
__end_of___fldiv                       text7        1000
__end_of___flmul                       text5        0386
__end_of___fltol                       text4        07FC
__end_of___lwdiv                       text3        0D69
__end_of___lwmod                       text2        0D23
__end_of___xxtofl                      text19       0E23
__end_of__initialization               cinit        0021
__end_of__stringtab                    strings      0810
__end_of_dpowers                       strings      081A
__end_of_main                          maintext     0680
__end_of_myISR                         text18       0CE7
__end_of_sprintf                       text1        076A
__initialization                       cinit        0011
__pbssBANK0                            bssBANK0     0065
__pbssBANK1                            bssBANK1     00A0
__pcstackBANK0                         cstackBANK0  0020
__pcstackBANK1                         cstackBANK1  00BB
__pcstackCOMMON                        cstackCOMMON 0070
__pintentry                            intentry     0004
__pmaintext                            maintext     0386
__pstrings                             strings      0800
__ptext1                               text1        0680
__ptext10                              text10       0C4F
__ptext11                              text11       0B68
__ptext12                              text12       0B71
__ptext13                              text13       0C22
__ptext14                              text14       0BB9
__ptext15                              text15       0C7F
__ptext16                              text16       0BA2
__ptext17                              text17       0B7D
__ptext18                              text18       0CB0
__ptext19                              text19       0D69
__ptext2                               text2        0CE7
__ptext3                               text3        0D23
__ptext4                               text4        076A
__ptext5                               text5        0025
__ptext6                               text6        0BF9
__ptext7                               text7        0E23
__ptext8                               text8        0B8D
__ptext9                               text9        0BD1
__size_of_ADC_Initialize               (abs)        0000
__size_of_INTERRUPT_MANAGER_Initialize (abs)        0000
__size_of_LCDGoto                      (abs)        0000
__size_of_LCDPutChar                   (abs)        0000
__size_of_LCDPutCmd                    (abs)        0000
__size_of_LCDPutStr                    (abs)        0000
__size_of_LCDWrite                     (abs)        0000
__size_of_LCD_Initialize               (abs)        0000
__size_of_PORTS_MANAGER_Initialize     (abs)        0000
__size_of_SYSTEM_Initialize            (abs)        0000
__size_of__Umul8_16                    (abs)        0000
__size_of___fldiv                      (abs)        0000
__size_of___flmul                      (abs)        0000
__size_of___fltol                      (abs)        0000
__size_of___lwdiv                      (abs)        0000
__size_of___lwmod                      (abs)        0000
__size_of___xxtofl                     (abs)        0000
__size_of_main                         (abs)        0000
__size_of_myISR                        (abs)        0000
__size_of_sprintf                      (abs)        0000
__stringbase                           strings      080F
__stringtab                            strings      0800
_adc_channel_pointer                   bssBANK0     0068
_adc_value                             bssBANK0     0069
_digits                                bssBANK1     00A4
_dpowers                               strings      0810
_i                                     bssBANK0     0067
_main                                  maintext     0386
_myISR                                 text18       0CB0
_sprintf                               text1        0680
_voltage                               bssBANK1     00A0
_voltage_int                           bssBANK0     0065
btemp                                  (abs)        007E
clear_ram0                             clrtext      0B60
end_of_initialization                  cinit        0021
interrupt_function                     intentry     0004
intlevel0                              functab      0000
intlevel1                              functab      0000
intlevel2                              functab      0000
intlevel3                              functab      0000
intlevel4                              functab      0000
intlevel5                              functab      0000
reset_vec                              reset_vec    0000
saved_w                                (abs)        007E
sprintf@ap                             cstackBANK0  003A
sprintf@c                              cstackBANK0  0040
sprintf@f                              cstackBANK0  0034
sprintf@flag                           cstackBANK0  003B
sprintf@prec                           cstackBANK0  003C
sprintf@sp                             cstackBANK0  003F
sprintf@val                            cstackBANK0  003D
start                                  init         000E
start_initialization                   cinit        0011
wtemp0                                 (abs)        007E


FUNCTION INFORMATION:

 *************** function _main *****************
 Defined at:
		line 53 in file "main.c"
 Parameters:    Size  Location     Type
		None
 Auto vars:     Size  Location     Type
		None
 Return value:  Size  Location     Type
                  1    wreg      void 
 Registers used:
		wreg, fsr0l, fsr0h, status,2, status,0, btemp+1, pclath, cstack
 Tracked objects:
		On entry : 
		On exit  : 
		Unchanged: 
 Data sizes:     COMMON   BANK0   BANK1   BANK3   BANK2
      Params:         0       0       0       0       0
      Locals:         0       0       0       0       0
      Temps:          0       0       3       0       0
      Totals:         0       0       3       0       0
Total ram usage:        3 bytes
 Hardware stack levels required when called:    6
 This function calls:
		_LCDGoto
		_LCDPutStr
		_SYSTEM_Initialize
		___fldiv
		___flmul
		___fltol
		___lwdiv
		___lwmod
		_sprintf
 This function is called by:
		Startup code after reset
 This function uses a non-reentrant model


 *************** function _sprintf *****************
 Defined at:
		line 505 in file "C:\Program Files\Microchip\xc8\v2.31\pic\sources\c90\common\doprnt.c"
 Parameters:    Size  Location     Type
  sp              1    wreg     PTR unsigned char 
		 -> Buffer(20), 
  f               1   20[BANK0 ] PTR const unsigned char 
		 -> STR_9(4), STR_8(3), STR_7(4), STR_6(4), 
		 -> STR_5(3), STR_4(4), 
 Auto vars:     Size  Location     Type
  sp              1   31[BANK0 ] PTR unsigned char 
		 -> Buffer(20), 
  tmpval          4    0        struct .
  val             2   29[BANK0 ] unsigned int 
  cp              2    0        PTR const unsigned char 
  len             2    0        unsigned int 
  c               1   32[BANK0 ] unsigned char 
  prec            1   28[BANK0 ] char 
  flag            1   27[BANK0 ] unsigned char 
  ap              1   26[BANK0 ] PTR void [1]
		 -> ?_sprintf(2), 
 Return value:  Size  Location     Type
                  2   20[BANK0 ] int 
 Registers used:
		wreg, fsr0l, fsr0h, status,2, status,0, btemp+1, pclath, cstack
 Tracked objects:
		On entry : 
		On exit  : 
		Unchanged: 
 Data sizes:     COMMON   BANK0   BANK1   BANK3   BANK2
      Params:         0       3       0       0       0
      Locals:         0       7       0       0       0
      Temps:          0       3       0       0       0
      Totals:         0      13       0       0       0
Total ram usage:       13 bytes
 Hardware stack levels used:    1
 Hardware stack levels required when called:    3
 This function calls:
		___lwdiv
		___lwmod
 This function is called by:
		_main
 This function uses a non-reentrant model


 *************** function ___lwmod *****************
 Defined at:
		line 5 in file "C:\Program Files\Microchip\xc8\v2.31\pic\sources\c90\common\lwmod.c"
 Parameters:    Size  Location     Type
  divisor         2   14[BANK0 ] unsigned int 
  dividend        2   16[BANK0 ] unsigned int 
 Auto vars:     Size  Location     Type
  counter         1   19[BANK0 ] unsigned char 
 Return value:  Size  Location     Type
                  2   14[BANK0 ] unsigned int 
 Registers used:
		wreg, status,2, status,0
 Tracked objects:
		On entry : 
		On exit  : 
		Unchanged: 
 Data sizes:     COMMON   BANK0   BANK1   BANK3   BANK2
      Params:         0       4       0       0       0
      Locals:         0       1       0       0       0
      Temps:          0       1       0       0       0
      Totals:         0       6       0       0       0
Total ram usage:        6 bytes
 Hardware stack levels used:    1
 Hardware stack levels required when called:    2
 This function calls:
		Nothing
 This function is called by:
		_main
		_sprintf
 This function uses a non-reentrant model


 *************** function ___lwdiv *****************
 Defined at:
		line 5 in file "C:\Program Files\Microchip\xc8\v2.31\pic\sources\c90\common\lwdiv.c"
 Parameters:    Size  Location     Type
  divisor         2    6[BANK0 ] unsigned int 
  dividend        2    8[BANK0 ] unsigned int 
 Auto vars:     Size  Location     Type
  quotient        2   11[BANK0 ] unsigned int 
  counter         1   13[BANK0 ] unsigned char 
 Return value:  Size  Location     Type
                  2    6[BANK0 ] unsigned int 
 Registers used:
		wreg, status,2, status,0
 Tracked objects:
		On entry : 
		On exit  : 
		Unchanged: 
 Data sizes:     COMMON   BANK0   BANK1   BANK3   BANK2
      Params:         0       4       0       0       0
      Locals:         0       3       0       0       0
      Temps:          0       1       0       0       0
      Totals:         0       8       0       0       0
Total ram usage:        8 bytes
 Hardware stack levels used:    1
 Hardware stack levels required when called:    2
 This function calls:
		Nothing
 This function is called by:
		_main
		_sprintf
 This function uses a non-reentrant model


 *************** function ___fltol *****************
 Defined at:
		line 43 in file "C:\Program Files\Microchip\xc8\v2.31\pic\sources\c90\common\fltol.c"
 Parameters:    Size  Location     Type
  f1              4    0[BANK1 ] unsigned int 
 Auto vars:     Size  Location     Type
  exp1            1   68[BANK0 ] unsigned char 
  sign1           1   67[BANK0 ] unsigned char 
 Return value:  Size  Location     Type
                  4    0[BANK1 ] long 
 Registers used:
		wreg, status,2, status,0
 Tracked objects:
		On entry : 
		On exit  : 
		Unchanged: 
 Data sizes:     COMMON   BANK0   BANK1   BANK3   BANK2
      Params:         0       0       4       0       0
      Locals:         0       2       0       0       0
      Temps:          0       0       5       0       0
      Totals:         0       2       9       0       0
Total ram usage:       11 bytes
 Hardware stack levels used:    1
 Hardware stack levels required when called:    2
 This function calls:
		Nothing
 This function is called by:
		_main
 This function uses a non-reentrant model


 *************** function ___flmul *****************
 Defined at:
		line 8 in file "C:\Program Files\Microchip\xc8\v2.31\pic\sources\c90\common\sprcmul.c"
 Parameters:    Size  Location     Type
  b               4   15[BANK0 ] long 
  a               4   19[BANK0 ] long 
 Auto vars:     Size  Location     Type
  prod            4   35[BANK0 ] struct .
  grs             4   29[BANK0 ] unsigned long 
  temp            2   39[BANK0 ] struct .
  bexp            1   34[BANK0 ] unsigned char 
  aexp            1   33[BANK0 ] unsigned char 
  sign            1   28[BANK0 ] unsigned char 
 Return value:  Size  Location     Type
                  4   15[BANK0 ] unsigned char 
 Registers used:
		wreg, status,2, status,0, btemp+1, pclath, cstack
 Tracked objects:
		On entry : 
		On exit  : 
		Unchanged: 
 Data sizes:     COMMON   BANK0   BANK1   BANK3   BANK2
      Params:         0       8       0       0       0
      Locals:         0      13       0       0       0
      Temps:          0       5       0       0       0
      Totals:         0      26       0       0       0
Total ram usage:       26 bytes
 Hardware stack levels used:    1
 Hardware stack levels required when called:    3
 This function calls:
		__Umul8_16
 This function is called by:
		_main
 This function uses a non-reentrant model


 *************** function __Umul8_16 *****************
 Defined at:
		line 4 in file "C:\Program Files\Microchip\xc8\v2.31\pic\sources\c90\common\Umul8_16.c"
 Parameters:    Size  Location     Type
  multiplier      1    wreg     unsigned char 
  multiplicand    1    6[BANK0 ] unsigned char 
 Auto vars:     Size  Location     Type
  multiplier      1   14[BANK0 ] unsigned char 
  word_mpld       2   12[BANK0 ] unsigned int 
  product         2   10[BANK0 ] unsigned int 
 Return value:  Size  Location     Type
                  2    6[BANK0 ] unsigned int 
 Registers used:
		wreg, status,2, status,0
 Tracked objects:
		On entry : 
		On exit  : 
		Unchanged: 
 Data sizes:     COMMON   BANK0   BANK1   BANK3   BANK2
      Params:         0       2       0       0       0
      Locals:         0       5       0       0       0
      Temps:          0       2       0       0       0
      Totals:         0       9       0       0       0
Total ram usage:        9 bytes
 Hardware stack levels used:    1
 Hardware stack levels required when called:    2
 This function calls:
		Nothing
 This function is called by:
		___flmul
 This function uses a non-reentrant model


 *************** function ___fldiv *****************
 Defined at:
		line 8 in file "C:\Program Files\Microchip\xc8\v2.31\pic\sources\c90\common\sprcdiv.c"
 Parameters:    Size  Location     Type
  a               4   41[BANK0 ] unsigned int 
  b               4   45[BANK0 ] unsigned int 
 Auto vars:     Size  Location     Type
  grs             4   61[BANK0 ] unsigned long 
  rem             4   54[BANK0 ] unsigned long 
  new_exp         2   59[BANK0 ] int 
  aexp            1   66[BANK0 ] unsigned char 
  bexp            1   65[BANK0 ] unsigned char 
  sign            1   58[BANK0 ] unsigned char 
 Return value:  Size  Location     Type
                  4   41[BANK0 ] unsigned char 
 Registers used:
		wreg, status,2, status,0, btemp+1
 Tracked objects:
		On entry : 
		On exit  : 
		Unchanged: 
 Data sizes:     COMMON   BANK0   BANK1   BANK3   BANK2
      Params:         0       8       0       0       0
      Locals:         0      13       0       0       0
      Temps:          0       5       0       0       0
      Totals:         0      26       0       0       0
Total ram usage:       26 bytes
 Hardware stack levels used:    1
 Hardware stack levels required when called:    2
 This function calls:
		Nothing
 This function is called by:
		_main
 This function uses a non-reentrant model


 *************** function _SYSTEM_Initialize *****************
 Defined at:
		line 10 in file "lcs.c"
 Parameters:    Size  Location     Type
		None
 Auto vars:     Size  Location     Type
		None
 Return value:  Size  Location     Type
                  1    wreg      void 
 Registers used:
		wreg, status,2, status,0, pclath, cstack
 Tracked objects:
		On entry : 
		On exit  : 
		Unchanged: 
 Data sizes:     COMMON   BANK0   BANK1   BANK3   BANK2
      Params:         0       0       0       0       0
      Locals:         0       0       0       0       0
      Temps:          0       0       0       0       0
      Totals:         0       0       0       0       0
Total ram usage:        0 bytes
 Hardware stack levels used:    1
 Hardware stack levels required when called:    5
 This function calls:
		_ADC_Initialize
		_INTERRUPT_MANAGER_Initialize
		_LCD_Initialize
		_PORTS_MANAGER_Initialize
 This function is called by:
		_main
 This function uses a non-reentrant model


 *************** function _PORTS_MANAGER_Initialize *****************
 Defined at:
		line 10 in file "ports_manager.c"
 Parameters:    Size  Location     Type
		None
 Auto vars:     Size  Location     Type
		None
 Return value:  Size  Location     Type
                  1    wreg      void 
 Registers used:
		wreg, status,2
 Tracked objects:
		On entry : 
		On exit  : 
		Unchanged: 
 Data sizes:     COMMON   BANK0   BANK1   BANK3   BANK2
      Params:         0       0       0       0       0
      Locals:         0       0       0       0       0
      Temps:          0       0       0       0       0
      Totals:         0       0       0       0       0
Total ram usage:        0 bytes
 Hardware stack levels used:    1
 Hardware stack levels required when called:    2
 This function calls:
		Nothing
 This function is called by:
		_SYSTEM_Initialize
 This function uses a non-reentrant model


 *************** function _LCD_Initialize *****************
 Defined at:
		line 47 in file "lcd.c"
 Parameters:    Size  Location     Type
		None
 Auto vars:     Size  Location     Type
		None
 Return value:  Size  Location     Type
                  1    wreg      void 
 Registers used:
		wreg, status,2, status,0, pclath, cstack
 Tracked objects:
		On entry : 
		On exit  : 
		Unchanged: 
 Data sizes:     COMMON   BANK0   BANK1   BANK3   BANK2
      Params:         0       0       0       0       0
      Locals:         0       0       0       0       0
      Temps:          0       2       0       0       0
      Totals:         0       2       0       0       0
Total ram usage:        2 bytes
 Hardware stack levels used:    1
 Hardware stack levels required when called:    4
 This function calls:
		_LCDPutCmd
 This function is called by:
		_SYSTEM_Initialize
 This function uses a non-reentrant model


 *************** function _INTERRUPT_MANAGER_Initialize *****************
 Defined at:
		line 11 in file "interrupt_manager.c"
 Parameters:    Size  Location     Type
		None
 Auto vars:     Size  Location     Type
		None
 Return value:  Size  Location     Type
                  1    wreg      void 
 Registers used:
		wreg
 Tracked objects:
		On entry : 
		On exit  : 
		Unchanged: 
 Data sizes:     COMMON   BANK0   BANK1   BANK3   BANK2
      Params:         0       0       0       0       0
      Locals:         0       0       0       0       0
      Temps:          0       0       0       0       0
      Totals:         0       0       0       0       0
Total ram usage:        0 bytes
 Hardware stack levels used:    1
 Hardware stack levels required when called:    2
 This function calls:
		Nothing
 This function is called by:
		_SYSTEM_Initialize
 This function uses a non-reentrant model


 *************** function _ADC_Initialize *****************
 Defined at:
		line 10 in file "adc.c"
 Parameters:    Size  Location     Type
		None
 Auto vars:     Size  Location     Type
		None
 Return value:  Size  Location     Type
                  1    wreg      void 
 Registers used:
		wreg, status,2
 Tracked objects:
		On entry : 
		On exit  : 
		Unchanged: 
 Data sizes:     COMMON   BANK0   BANK1   BANK3   BANK2
      Params:         0       0       0       0       0
      Locals:         0       0       0       0       0
      Temps:          0       0       0       0       0
      Totals:         0       0       0       0       0
Total ram usage:        0 bytes
 Hardware stack levels used:    1
 Hardware stack levels required when called:    2
 This function calls:
		Nothing
 This function is called by:
		_SYSTEM_Initialize
 This function uses a non-reentrant model


 *************** function _LCDPutStr *****************
 Defined at:
		line 111 in file "lcd.c"
 Parameters:    Size  Location     Type
  str             2   11[BANK0 ] PTR const unsigned char 
		 -> Buffer(20), STR_3(5), STR_2(5), STR_1(5), 
 Auto vars:     Size  Location     Type
  i               1   14[BANK0 ] unsigned char 
 Return value:  Size  Location     Type
                  1    wreg      void 
 Registers used:
		wreg, fsr0l, fsr0h, status,2, status,0, btemp+1, pclath, cstack
 Tracked objects:
		On entry : 
		On exit  : 
		Unchanged: 
 Data sizes:     COMMON   BANK0   BANK1   BANK3   BANK2
      Params:         0       2       0       0       0
      Locals:         0       1       0       0       0
      Temps:          0       1       0       0       0
      Totals:         0       4       0       0       0
Total ram usage:        4 bytes
 Hardware stack levels used:    1
 Hardware stack levels required when called:    4
 This function calls:
		_LCDPutChar
 This function is called by:
		_main
 This function uses a non-reentrant model


 *************** function _LCDPutChar *****************
 Defined at:
		line 94 in file "lcd.c"
 Parameters:    Size  Location     Type
  ch              1    wreg     unsigned char 
 Auto vars:     Size  Location     Type
  ch              1   10[BANK0 ] unsigned char 
 Return value:  Size  Location     Type
                  1    wreg      void 
 Registers used:
		wreg, status,2, status,0, pclath, cstack
 Tracked objects:
		On entry : 
		On exit  : 
		Unchanged: 
 Data sizes:     COMMON   BANK0   BANK1   BANK3   BANK2
      Params:         0       0       0       0       0
      Locals:         0       1       0       0       0
      Temps:          0       2       0       0       0
      Totals:         0       3       0       0       0
Total ram usage:        3 bytes
 Hardware stack levels used:    1
 Hardware stack levels required when called:    3
 This function calls:
		_LCDWrite
 This function is called by:
		_LCDPutStr
 This function uses a non-reentrant model


 *************** function _LCDGoto *****************
 Defined at:
		line 123 in file "lcd.c"
 Parameters:    Size  Location     Type
  pos             1    wreg     unsigned char 
  ln              1   11[BANK0 ] unsigned char 
 Auto vars:     Size  Location     Type
  pos             1   16[BANK0 ] unsigned char 
 Return value:  Size  Location     Type
                  1    wreg      void 
 Registers used:
		wreg, status,2, status,0, pclath, cstack
 Tracked objects:
		On entry : 
		On exit  : 
		Unchanged: 
 Data sizes:     COMMON   BANK0   BANK1   BANK3   BANK2
      Params:         0       1       0       0       0
      Locals:         0       3       0       0       0
      Temps:          0       2       0       0       0
      Totals:         0       6       0       0       0
Total ram usage:        6 bytes
 Hardware stack levels used:    1
 Hardware stack levels required when called:    4
 This function calls:
		_LCDPutCmd
 This function is called by:
		_main
 This function uses a non-reentrant model


 *************** function _LCDPutCmd *****************
 Defined at:
		line 102 in file "lcd.c"
 Parameters:    Size  Location     Type
  ch              1    wreg     unsigned char 
 Auto vars:     Size  Location     Type
  ch              1   10[BANK0 ] unsigned char 
 Return value:  Size  Location     Type
                  1    wreg      void 
 Registers used:
		wreg, status,2, status,0, pclath, cstack
 Tracked objects:
		On entry : 
		On exit  : 
		Unchanged: 
 Data sizes:     COMMON   BANK0   BANK1   BANK3   BANK2
      Params:         0       0       0       0       0
      Locals:         0       1       0       0       0
      Temps:          0       2       0       0       0
      Totals:         0       3       0       0       0
Total ram usage:        3 bytes
 Hardware stack levels used:    1
 Hardware stack levels required when called:    3
 This function calls:
		_LCDWrite
 This function is called by:
		_LCD_Initialize
		_LCDGoto
 This function uses a non-reentrant model


 *************** function _LCDWrite *****************
 Defined at:
		line 73 in file "lcd.c"
 Parameters:    Size  Location     Type
  ch              1    wreg     unsigned char 
  rs              1    6[BANK0 ] unsigned char 
 Auto vars:     Size  Location     Type
  ch              1    7[BANK0 ] unsigned char 
 Return value:  Size  Location     Type
                  1    wreg      void 
 Registers used:
		wreg, status,2, status,0
 Tracked objects:
		On entry : 
		On exit  : 
		Unchanged: 
 Data sizes:     COMMON   BANK0   BANK1   BANK3   BANK2
      Params:         0       1       0       0       0
      Locals:         0       1       0       0       0
      Temps:          0       0       0       0       0
      Totals:         0       2       0       0       0
Total ram usage:        2 bytes
 Hardware stack levels used:    1
 Hardware stack levels required when called:    2
 This function calls:
		Nothing
 This function is called by:
		_LCDPutChar
		_LCDPutCmd
 This function uses a non-reentrant model


 *************** function _myISR *****************
 Defined at:
		line 34 in file "main.c"
 Parameters:    Size  Location     Type
		None
 Auto vars:     Size  Location     Type
		None
 Return value:  Size  Location     Type
                  1    wreg      void 
 Registers used:
		wreg, status,2, status,0, pclath, cstack
 Tracked objects:
		On entry : 
		On exit  : 
		Unchanged: 
 Data sizes:     COMMON   BANK0   BANK1   BANK3   BANK2
      Params:         0       0       0       0       0
      Locals:         0       0       0       0       0
      Temps:          0       6       0       0       0
      Totals:         0       6       0       0       0
Total ram usage:        6 bytes
 Hardware stack levels used:    1
 Hardware stack levels required when called:    1
 This function calls:
		___xxtofl
 This function is called by:
		Interrupt level 1
 This function uses a non-reentrant model


 *************** function ___xxtofl *****************
 Defined at:
		line 10 in file "C:\Program Files\Microchip\xc8\v2.31\pic\sources\c90\common\xxtofl.c"
 Parameters:    Size  Location     Type
  sign            1    wreg     unsigned char 
  val             4    0[COMMON] long 
 Auto vars:     Size  Location     Type
  sign            1    8[COMMON] unsigned char 
  arg             4   10[COMMON] unsigned long 
  exp             1    9[COMMON] unsigned char 
 Return value:  Size  Location     Type
                  4    0[COMMON] unsigned char 
 Registers used:
		wreg, status,2, status,0
 Tracked objects:
		On entry : 
		On exit  : 
		Unchanged: 
 Data sizes:     COMMON   BANK0   BANK1   BANK3   BANK2
      Params:         4       0       0       0       0
      Locals:         6       0       0       0       0
      Temps:          4       0       0       0       0
      Totals:        14       0       0       0       0
Total ram usage:       14 bytes
 Hardware stack levels used:    1
 This function calls:
		Nothing
 This function is called by:
		_myISR
 This function uses a non-reentrant model



MODULE INFORMATION

Module		Function		Class		Link	Load	Size
C:\Program Files\Microchip\xc8\v2.31\pic\sources\c90\common\sprcmul.c
		___flmul       		CODE           	0025	0000	865

C:\Program Files\Microchip\xc8\v2.31\pic\sources\c90\common\sprcmul.c estimated size: 865

C:\Program Files\Microchip\xc8\v2.31\pic\sources\c90\common\sprcdiv.c
		___fldiv       		CODE           	0E23	0000	477

C:\Program Files\Microchip\xc8\v2.31\pic\sources\c90\common\sprcdiv.c estimated size: 477

C:\Program Files\Microchip\xc8\v2.31\pic\sources\c90\common\Umul8_16.c
		__Umul8_16     		CODE           	0BF9	0000	41

C:\Program Files\Microchip\xc8\v2.31\pic\sources\c90\common\Umul8_16.c estimated size: 41

C:\Program Files\Microchip\xc8\v2.31\pic\sources\c90\common\doprnt.c
		_sprintf       		CODE           	0680	0000	234

C:\Program Files\Microchip\xc8\v2.31\pic\sources\c90\common\doprnt.c estimated size: 234

C:\Program Files\Microchip\xc8\v2.31\pic\sources\c90\common\lwmod.c
		___lwmod       		CODE           	0CE7	0000	60

C:\Program Files\Microchip\xc8\v2.31\pic\sources\c90\common\lwmod.c estimated size: 60

adc.c
		_ADC_Initialize		CODE           	0B71	0000	12

adc.c estimated size: 12

ports_manager.c
		_PORTS_MANAGER_Initialize		CODE           	0BD1	0000	40

ports_manager.c estimated size: 40

C:\Program Files\Microchip\xc8\v2.31\pic\sources\c90\common\lwdiv.c
		___lwdiv       		CODE           	0D23	0000	70

C:\Program Files\Microchip\xc8\v2.31\pic\sources\c90\common\lwdiv.c estimated size: 70

shared
		__stringtab    		STRING         	0800	0000	16
		_dpowers       		STRING         	0810	0000	10
		__initialization		CODE           	0011	0000	16

shared estimated size: 42

C:\Program Files\Microchip\xc8\v2.31\pic\sources\c90\common\fltol.c
		___fltol       		CODE           	076A	0000	146

C:\Program Files\Microchip\xc8\v2.31\pic\sources\c90\common\fltol.c estimated size: 146

C:\Program Files\Microchip\xc8\v2.31\pic\sources\c90\common\xxtofl.c
		___xxtofl      		CODE           	0D69	0000	186

C:\Program Files\Microchip\xc8\v2.31\pic\sources\c90\common\xxtofl.c estimated size: 186

interrupt_manager.c
		_INTERRUPT_MANAGER_Initialize		CODE           	0B68	0000	9

interrupt_manager.c estimated size: 9

lcd.c
		_LCDPutCmd     		CODE           	0BA2	0000	23
		_LCDPutStr     		CODE           	0C22	0000	45
		_LCDWrite      		CODE           	0B7D	0000	16
		_LCDPutChar    		CODE           	0BB9	0000	24
		_LCD_Initialize		CODE           	0C4F	0000	48
		_LCDGoto       		CODE           	0C7F	0000	49

lcd.c estimated size: 205

lcs.c
		_SYSTEM_Initialize		CODE           	0B8D	0000	21

lcs.c estimated size: 21

main.c
		_myISR         		CODE           	0CB0	0000	55
		_main          		CODE           	0386	0000	762

main.c estimated size: 817

