Microchip MPLAB XC8 Compiler V2.31

Linker command line:

-W-3 --edf=C:\Program Files\Microchip\xc8\v2.31\pic\dat\en_msgs.txt -cn \
  -h+dist/default/production\ProyectoSPI.X.production.sym \
  --cmf=dist/default/production\ProyectoSPI.X.production.cmf -z -Q16F887 \
  -oC:\Users\emili\AppData\Local\Temp\sbns.2 --defsym=__MPLAB_BUILD=1 \
  -Mdist/default/production/ProyectoSPI.X.production.map -E1 \
  -ver=XC8 Compiler --acfsm=1493 -ASTACK=0110h-016Fh -pstack=STACK \
  -ACODE=00h-07FFhx4 -ASTRCODE=00h-01FFFh -ASTRING=00h-0FFhx32 \
  -ACONST=00h-0FFhx32 -AENTRY=00h-0FFhx32 -ACOMMON=070h-07Fh \
  -ABANK0=020h-06Fh -ABANK1=0A0h-0EFh -ABANK2=0110h-016Fh \
  -ABANK3=0190h-01EFh -ARAM=020h-06Fh,0A0h-0EFh,0110h-016Fh,0190h-01EFh \
  -AABS1=020h-07Fh,0A0h-0EFh,0110h-016Fh,0190h-01EFh -ASFR0=00h-01Fh \
  -ASFR1=080h-09Fh -ASFR2=0100h-010Fh -ASFR3=0180h-018Fh \
  -ACONFIG=02007h-02008h -DCONFIG=2 -AIDLOC=02000h-02003h -DIDLOC=2 \
  -AEEDATA=00h-0FFh/02100h -peeprom_data=EEDATA -DEEDATA=2 -DCODE=2 \
  -DSTRCODE=2 -DSTRING=2 -DCONST=2 -DENTRY=2 \
  -preset_vec=00h,intentry=04h,init,end_init -ppowerup=CODE -pcinit=CODE \
  -pfunctab=ENTRY -k C:\Users\emili\AppData\Local\Temp\sbns.o \
  dist/default/production\ProyectoSPI.X.production.o 

Object code version is 3.11

Machine type is 16F887



                Name                               Link     Load   Length Selector   Space Scale
C:\Users\emili\AppData\Local\Temp\sbns.o
                end_init                              C        C        3        8       0
                reset_vec                             0        0        3        0       0
                config                             2007     2007        2        0       4
dist/default/production\ProyectoSPI.X.production.o
                cinit                                 F        F       15        8       0
                intentry                              4        4        8        8       0
                config                             2007     2007        2        0       4
                text20                              C5A      C5A        7     18B4       0
                text19                              C75      C75       10     18EA       0
                text18                              C95      C95       12     192A       0
                text17                              D90      D90       30     1B20       0
                text16                              CB9      CB9       13     1972       0
                text15                              D38      D38       2B     1A70       0
                text14                              D63      D63       2D     1AC6       0
                text13                              CCC      CCC       20     1998       0
                text12                              C69      C69        C     18D2       0
                text11                              C85      C85       10     190A       0
                text10                              385      385      1DD        8       0
                text9                               D11      D11       27     1A22       0
                text8                                24       24      361        8       0
                text7                               DFC      DFC       7C     1BF8       0
                text6                               6FA      6FA       BC        8       0
                text5                               7B6      7B6       44        8       0
                text4                               DC0      DC0       3C     1B80       0
                text3                               CEC      CEC       25     19D8       0
                text2                               CA7      CA7       12     194E       0
                text1                               E78      E78      188     1CF0       0
                maintext                            562      562      198        8       0
                cstackBANK0                          20       20       46       20       1
                cstackCOMMON                         70       70        C       70       1
                clrtext                             C61      C61        8     18C2       0
                bssBANK1                             A0       A0       40       A0       1
                bssBANK0                             66       66        8       20       1
                strings                             800      800       38     1000       0

TOTAL           Name                               Link     Load   Length     Space
        CLASS   STACK          

        CLASS   CODE           
                end_init                              C        C        3         0
                cinit                                 F        F       15         0
                intentry                              4        4        8         0
                reset_vec                             0        0        3         0
                text20                              C5A      C5A        7         0
                text19                              C75      C75       10         0
                text18                              C95      C95       12         0
                text17                              D90      D90       30         0
                text16                              CB9      CB9       13         0
                text15                              D38      D38       2B         0
                text14                              D63      D63       2D         0
                text13                              CCC      CCC       20         0
                text12                              C69      C69        C         0
                text11                              C85      C85       10         0
                text10                              385      385      1DD         0
                text9                               D11      D11       27         0
                text8                                24       24      361         0
                text7                               DFC      DFC       7C         0
                text6                               6FA      6FA       BC         0
                text5                               7B6      7B6       44         0
                text4                               DC0      DC0       3C         0
                text3                               CEC      CEC       25         0
                text2                               CA7      CA7       12         0
                text1                               E78      E78      188         0
                maintext                            562      562      198         0
                clrtext                             C61      C61        8         0

        CLASS   STRCODE        

        CLASS   STRING         
                strings                             800      800       38         0

        CLASS   CONST          

        CLASS   ENTRY          

        CLASS   COMMON         
                cstackCOMMON                         70       70        C         1

        CLASS   BANK0          
                cstackBANK0                          20       20       46         1
                bssBANK0                             66       66        8         1

        CLASS   BANK1          
                bssBANK1                             A0       A0       40         1

        CLASS   BANK2          

        CLASS   BANK3          

        CLASS   RAM            

        CLASS   ABS1           
                abs_s1                               7E       7E        2         1

        CLASS   SFR0           

        CLASS   SFR1           

        CLASS   SFR2           

        CLASS   SFR3           

        CLASS   CONFIG         
                config                             2007     2007        2         4

        CLASS   IDLOC          

        CLASS   EEDATA         



SEGMENTS        Name                           Load    Length   Top    Selector   Space  Class     Delta

                reset_vec                      000000  000003  000003         0       0  CODE        2
                intentry                       000004  0007F6  0007FA         8       0  CODE        2
                cstackBANK0                    000020  00004E  00006E        20       1  BANK0       1
                cstackCOMMON                   000070  00000C  00007C        70       1  COMMON      1
                bssBANK1                       0000A0  000040  0000E0        A0       1  BANK1       1
                strings                        000800  000038  000838      1000       0  STRING      2
                text20                         000C5A  000007  000C61      18B4       0  CODE        2
                clrtext                        000C61  000008  000C69      18C2       0  CODE        2
                text12                         000C69  00000C  000C75      18D2       0  CODE        2
                text19                         000C75  000010  000C85      18EA       0  CODE        2
                text11                         000C85  000010  000C95      190A       0  CODE        2
                text18                         000C95  000012  000CA7      192A       0  CODE        2
                text2                          000CA7  000012  000CB9      194E       0  CODE        2
                text16                         000CB9  000013  000CCC      1972       0  CODE        2
                text13                         000CCC  000020  000CEC      1998       0  CODE        2
                text3                          000CEC  000025  000D11      19D8       0  CODE        2
                text9                          000D11  000027  000D38      1A22       0  CODE        2
                text15                         000D38  00002B  000D63      1A70       0  CODE        2
                text14                         000D63  00002D  000D90      1AC6       0  CODE        2
                text17                         000D90  000030  000DC0      1B20       0  CODE        2
                text4                          000DC0  00003C  000DFC      1B80       0  CODE        2
                text7                          000DFC  00007C  000E78      1BF8       0  CODE        2
                text1                          000E78  000188  001000      1CF0       0  CODE        2


UNUSED ADDRESS RANGES

        Name                Unused          Largest block    Delta
        BANK0            006E-006F              2           1
        BANK1            00E0-00EF             10           1
        BANK2            0110-016F             60           1
        BANK3            0190-01EF             60           1
        CODE             0003-0003              1           2
                         07FA-07FF              6
                         0838-0C59            422
                         1000-1FFF            800
        COMMON           007C-007D              2           1
        CONST            0003-0003              1           2
                         07FA-07FF              6
                         0838-0C59            100
                         1000-1FFF            100
        EEDATA           2100-21FF            100           2
        ENTRY            0003-0003              1           2
                         07FA-07FF              6
                         0838-0C59            100
                         1000-1FFF            100
        IDLOC            2000-2003              4           2
        RAM              006E-006F              2           1
                         00E0-00EF             10
                         0110-016F             60
                         0190-01EF             60
        SFR0             0000-001F             20           1
        SFR1             0080-009F             20           1
        SFR2             0100-010F             10           1
        SFR3             0180-018F             10           1
        STACK            0110-016F             60           1
        STRCODE          0003-0003              1           2
                         07FA-07FF              6
                         0838-0C59            422
                         1000-1FFF           1000
        STRING           0003-0003              1           2
                         07FA-07FF              6
                         0838-0C59            100
                         1000-1FFF            100

                                  Symbol Table

?__Umul8_16                        cstackCOMMON 0072
?___fldiv                          cstackBANK0  003A
?___flmul                          cstackBANK0  0020
?___fltol                          cstackBANK0  0054
?___lwdiv                          cstackCOMMON 0072
?___lwmod                          cstackBANK0  0020
?___wmul                           cstackCOMMON 0072
?___xxtofl                         cstackCOMMON 0072
?_sprintf                          cstackBANK0  0024
LCDGoto@ln                         cstackCOMMON 0077
LCDGoto@pos                        cstackBANK0  0022
LCDPutChar@ch                      cstackCOMMON 0076
LCDPutCmd@ch                       cstackCOMMON 0076
LCDPutStr@i                        cstackCOMMON 007A
LCDPutStr@str                      cstackCOMMON 0077
LCDWrite@ch                        cstackCOMMON 0073
LCDWrite@rs                        cstackCOMMON 0072
_ANSEL                             (abs)        0188
_ANSELH                            (abs)        0189
_BAUDCTLbits                       (abs)        0187
_Buffer                            bssBANK1     00CC
_Buffer1                           bssBANK1     00B8
_Buffer2                           bssBANK1     00A4
_INTCONbits                        (abs)        000B
_IOCB                              (abs)        0096
_LCDGoto                           text17       0D90
_LCDGoto$173                       cstackBANK0  0020
_LCDPutChar                        text16       0CB9
_LCDPutCmd                         text18       0C95
_LCDPutStr                         text15       0D38
_LCDWrite                          text19       0C75
_LCD_Initialize                    text14       0D63
_PIE1bits                          (abs)        008C
_PIR1bits                          (abs)        000C
_PORTA                             (abs)        0005
_PORTB                             (abs)        0006
_PORTBbits                         (abs)        0006
_PORTCbits                         (abs)        0007
_PORTD                             (abs)        0008
_PORTE                             (abs)        0009
_PORTS_MANAGER_Initialize          text13       0CCC
_RCSTAbits                         (abs)        0018
_SPBRG                             (abs)        0099
_SPI_MANAGER_Initialize            text12       0C69
_SSPBUF                            (abs)        0013
_SSPCON                            (abs)        0014
_SSPSTAT                           (abs)        0094
_SSPSTATbits                       (abs)        0094
_SYSTEM_Initialize                 text11       0C85
_TRISA                             (abs)        0085
_TRISB                             (abs)        0086
_TRISCbits                         (abs)        0087
_TRISD                             (abs)        0088
_TRISE                             (abs)        0089
_TXSTAbits                         (abs)        0098
__Habs1                            abs1         0000
__Hbank0                           bank0        0000
__Hbank1                           bank1        0000
__Hbank2                           bank2        0000
__Hbank3                           bank3        0000
__HbssBANK0                        bssBANK0     0000
__HbssBANK1                        bssBANK1     0000
__Hcinit                           cinit        0024
__Hclrtext                         clrtext      0000
__Hcode                            code         0000
__Hcommon                          common       0000
__Hconfig                          config       2009
__HcstackBANK0                     cstackBANK0  0000
__HcstackCOMMON                    cstackCOMMON 0000
__Heeprom_data                     eeprom_data  0000
__Hend_init                        end_init     000F
__Hfunctab                         functab      0000
__Hinit                            init         000C
__Hintentry                        intentry     000C
__Hmaintext                        maintext     0000
__Hpowerup                         powerup      0000
__Hram                             ram          0000
__Hreset_vec                       reset_vec    0003
__Hsfr0                            sfr0         0000
__Hsfr1                            sfr1         0000
__Hsfr2                            sfr2         0000
__Hsfr3                            sfr3         0000
__Hspace_0                         (abs)        1000
__Hspace_1                         (abs)        00E0
__Hspace_2                         (abs)        0000
__Hspace_3                         (abs)        0000
__Hspace_4                         (abs)        4010
__Hstack                           stack        0000
__Hstrings                         strings      0000
__Htext                            text         0000
__Labs1                            abs1         0000
__Lbank0                           bank0        0000
__Lbank1                           bank1        0000
__Lbank2                           bank2        0000
__Lbank3                           bank3        0000
__LbssBANK0                        bssBANK0     0000
__LbssBANK1                        bssBANK1     0000
__Lcinit                           cinit        000F
__Lclrtext                         clrtext      0000
__Lcode                            code         0000
__Lcommon                          common       0000
__Lconfig                          config       0000
__LcstackBANK0                     cstackBANK0  0000
__LcstackCOMMON                    cstackCOMMON 0000
__Leeprom_data                     eeprom_data  0000
__Lend_init                        end_init     000C
__Lfunctab                         functab      0000
__Linit                            init         000C
__Lintentry                        intentry     0004
__Lmaintext                        maintext     0000
__Lpowerup                         powerup      0000
__Lram                             ram          0000
__Lreset_vec                       reset_vec    0000
__Lsfr0                            sfr0         0000
__Lsfr1                            sfr1         0000
__Lsfr2                            sfr2         0000
__Lsfr3                            sfr3         0000
__Lspace_0                         (abs)        0000
__Lspace_1                         (abs)        0000
__Lspace_2                         (abs)        0000
__Lspace_3                         (abs)        0000
__Lspace_4                         (abs)        0000
__Lstack                           stack        0000
__Lstrings                         strings      0000
__Ltext                            text         0000
__S0                               (abs)        1000
__S1                               (abs)        00E0
__S2                               (abs)        0000
__S3                               (abs)        0000
__Umul8_16                         text9        0D11
__Umul8_16@multiplicand            cstackCOMMON 0072
__Umul8_16@multiplier              cstackCOMMON 007A
__Umul8_16@product                 cstackCOMMON 0076
__Umul8_16@word_mpld               cstackCOMMON 0078
___fldiv                           text10       0385
___fldiv@a                         cstackBANK0  003A
___fldiv@aexp                      cstackBANK0  0053
___fldiv@b                         cstackBANK0  003E
___fldiv@bexp                      cstackBANK0  0052
___fldiv@grs                       cstackBANK0  004E
___fldiv@new_exp                   cstackBANK0  004C
___fldiv@rem                       cstackBANK0  0047
___fldiv@sign                      cstackBANK0  004B
___flmul                           text8        0024
___flmul@a                         cstackBANK0  0024
___flmul@aexp                      cstackBANK0  0032
___flmul@b                         cstackBANK0  0020
___flmul@bexp                      cstackBANK0  0033
___flmul@grs                       cstackBANK0  002E
___flmul@prod                      cstackBANK0  0034
___flmul@sign                      cstackBANK0  002D
___flmul@temp                      cstackBANK0  0038
___fltol                           text7        0DFC
___fltol@exp1                      cstackBANK0  005E
___fltol@f1                        cstackBANK0  0054
___fltol@sign1                     cstackBANK0  005D
___int_sp                          stack        0000
___latbits                         (abs)        0002
___lwdiv                           text5        07B6
___lwdiv@counter                   cstackCOMMON 0079
___lwdiv@dividend                  cstackCOMMON 0074
___lwdiv@divisor                   cstackCOMMON 0072
___lwdiv@quotient                  cstackCOMMON 0077
___lwmod                           text4        0DC0
___lwmod@counter                   cstackCOMMON 007B
___lwmod@dividend                  cstackBANK0  0022
___lwmod@divisor                   cstackBANK0  0020
___sp                              stack        0000
___stackhi                         (abs)        0000
___stacklo                         (abs)        0000
___wmul                            text3        0CEC
___wmul@multiplicand               cstackCOMMON 0074
___wmul@multiplier                 cstackCOMMON 0072
___wmul@product                    cstackCOMMON 0076
___xxtofl                          text6        06FA
___xxtofl@arg                      cstackBANK0  0022
___xxtofl@exp                      cstackBANK0  0021
___xxtofl@sign                     cstackBANK0  0020
___xxtofl@val                      cstackCOMMON 0072
__end_of_LCDGoto                   text17       0DC0
__end_of_LCDPutChar                text16       0CCC
__end_of_LCDPutCmd                 text18       0CA7
__end_of_LCDPutStr                 text15       0D63
__end_of_LCDWrite                  text19       0C85
__end_of_LCD_Initialize            text14       0D90
__end_of_PORTS_MANAGER_Initialize  text13       0CEC
__end_of_SPI_MANAGER_Initialize    text12       0C75
__end_of_SYSTEM_Initialize         text11       0C95
__end_of__Umul8_16                 text9        0D38
__end_of___fldiv                   text10       0562
__end_of___flmul                   text8        0385
__end_of___fltol                   text7        0E78
__end_of___lwdiv                   text5        07FA
__end_of___lwmod                   text4        0DFC
__end_of___wmul                    text3        0D11
__end_of___xxtofl                  text6        07B6
__end_of__initialization           cinit        0020
__end_of__stringtab                strings      0810
__end_of_dpowers                   strings      081A
__end_of_isdigit                   text2        0CB9
__end_of_main                      maintext     06FA
__end_of_myISR                     text20       0C61
__end_of_sprintf                   text1        1000
__initialization                   cinit        000F
__pbssBANK0                        bssBANK0     0066
__pbssBANK1                        bssBANK1     00A0
__pcstackBANK0                     cstackBANK0  0020
__pcstackCOMMON                    cstackCOMMON 0070
__pintentry                        intentry     0004
__pmaintext                        maintext     0562
__pstrings                         strings      0800
__ptext1                           text1        0E78
__ptext10                          text10       0385
__ptext11                          text11       0C85
__ptext12                          text12       0C69
__ptext13                          text13       0CCC
__ptext14                          text14       0D63
__ptext15                          text15       0D38
__ptext16                          text16       0CB9
__ptext17                          text17       0D90
__ptext18                          text18       0C95
__ptext19                          text19       0C75
__ptext2                           text2        0CA7
__ptext20                          text20       0C5A
__ptext3                           text3        0CEC
__ptext4                           text4        0DC0
__ptext5                           text5        07B6
__ptext6                           text6        06FA
__ptext7                           text7        0DFC
__ptext8                           text8        0024
__ptext9                           text9        0D11
__size_of_LCDGoto                  (abs)        0000
__size_of_LCDPutChar               (abs)        0000
__size_of_LCDPutCmd                (abs)        0000
__size_of_LCDPutStr                (abs)        0000
__size_of_LCDWrite                 (abs)        0000
__size_of_LCD_Initialize           (abs)        0000
__size_of_PORTS_MANAGER_Initialize (abs)        0000
__size_of_SPI_MANAGER_Initialize   (abs)        0000
__size_of_SYSTEM_Initialize        (abs)        0000
__size_of__Umul8_16                (abs)        0000
__size_of___fldiv                  (abs)        0000
__size_of___flmul                  (abs)        0000
__size_of___fltol                  (abs)        0000
__size_of___lwdiv                  (abs)        0000
__size_of___lwmod                  (abs)        0000
__size_of___wmul                   (abs)        0000
__size_of___xxtofl                 (abs)        0000
__size_of_isdigit                  (abs)        0000
__size_of_main                     (abs)        0000
__size_of_myISR                    (abs)        0000
__size_of_sprintf                  (abs)        0000
__stringbase                       strings      080F
__stringtab                        strings      0800
_contador                          bssBANK0     006C
_digits                            bssBANK0     0066
_dpowers                           strings      0810
_i                                 bssBANK0     006D
_isdigit                           text2        0CA7
_isdigit$1017                      cstackCOMMON 0072
_main                              maintext     0562
_myISR                             text20       0C5A
_sprintf                           text1        0E78
_temperature                       bssBANK0     006B
_voltage                           bssBANK1     00A0
_voltage_int                       bssBANK0     0069
btemp                              (abs)        007E
clear_ram0                         clrtext      0C61
end_of_initialization              cinit        0020
interrupt_function                 intentry     0004
intlevel0                          functab      0000
intlevel1                          functab      0000
intlevel2                          functab      0000
intlevel3                          functab      0000
intlevel4                          functab      0000
intlevel5                          functab      0000
isdigit@c                          cstackCOMMON 0073
reset_vec                          reset_vec    0000
saved_w                            (abs)        007E
sprintf@ap                         cstackBANK0  002E
sprintf@c                          cstackBANK0  0036
sprintf@f                          cstackBANK0  0024
sprintf@flag                       cstackBANK0  0030
sprintf@prec                       cstackBANK0  002F
sprintf@sp                         cstackBANK0  0035
sprintf@val                        cstackBANK0  0031
sprintf@width                      cstackBANK0  0033
start                              init         000C
start_initialization               cinit        000F
wtemp0                             (abs)        007E


FUNCTION INFORMATION:

 *************** function _main *****************
 Defined at:
		line 45 in file "main.c"
 Parameters:    Size  Location     Type
		None
 Auto vars:     Size  Location     Type
		None
 Return value:  Size  Location     Type
                  1    wreg      void 
 Registers used:
		wreg, fsr0l, fsr0h, status,2, status,0, btemp+1, pclath, cstack
 Tracked objects:
		On entry : 
		On exit  : 
		Unchanged: 
 Data sizes:     COMMON   BANK0   BANK1   BANK3   BANK2
      Params:         0       0       0       0       0
      Locals:         0       0       0       0       0
      Temps:          0       7       0       0       0
      Totals:         0       7       0       0       0
Total ram usage:        7 bytes
 Hardware stack levels required when called:    5
 This function calls:
		_LCDGoto
		_LCDPutStr
		_SYSTEM_Initialize
		___fldiv
		___flmul
		___fltol
		___lwdiv
		___lwmod
		___xxtofl
		_sprintf
 This function is called by:
		Startup code after reset
 This function uses a non-reentrant model


 *************** function _sprintf *****************
 Defined at:
		line 505 in file "C:\Program Files\Microchip\xc8\v2.31\pic\sources\c90\common\doprnt.c"
 Parameters:    Size  Location     Type
  sp              1    wreg     PTR unsigned char 
		 -> Buffer2(20), Buffer1(20), Buffer(20), 
  f               1    4[BANK0 ] PTR const unsigned char 
		 -> STR_4(4), STR_3(4), STR_2(9), 
 Auto vars:     Size  Location     Type
  sp              1   21[BANK0 ] PTR unsigned char 
		 -> Buffer2(20), Buffer1(20), Buffer(20), 
  tmpval          4    0        struct .
  width           2   19[BANK0 ] int 
  val             2   17[BANK0 ] unsigned int 
  cp              2    0        PTR const unsigned char 
  len             2    0        unsigned int 
  c               1   22[BANK0 ] unsigned char 
  flag            1   16[BANK0 ] unsigned char 
  prec            1   15[BANK0 ] char 
  ap              1   14[BANK0 ] PTR void [1]
		 -> ?_sprintf(2), 
 Return value:  Size  Location     Type
                  2    4[BANK0 ] int 
 Registers used:
		wreg, fsr0l, fsr0h, status,2, status,0, btemp+1, pclath, cstack
 Tracked objects:
		On entry : 
		On exit  : 
		Unchanged: 
 Data sizes:     COMMON   BANK0   BANK1   BANK3   BANK2
      Params:         0       7       0       0       0
      Locals:         0       9       0       0       0
      Temps:          0       3       0       0       0
      Totals:         0      19       0       0       0
Total ram usage:       19 bytes
 Hardware stack levels used:    1
 Hardware stack levels required when called:    2
 This function calls:
		___lwdiv
		___lwmod
		___wmul
		_isdigit
 This function is called by:
		_main
 This function uses a non-reentrant model


 *************** function _isdigit *****************
 Defined at:
		line 8 in file "C:\Program Files\Microchip\xc8\v2.31\pic\sources\c90\common\isdigit.c"
 Parameters:    Size  Location     Type
  c               1    wreg     unsigned char 
 Auto vars:     Size  Location     Type
  c               1    3[COMMON] unsigned char 
 Return value:  Size  Location     Type
		None               void
 Registers used:
		wreg, status,2, status,0
 Tracked objects:
		On entry : 
		On exit  : 
		Unchanged: 
 Data sizes:     COMMON   BANK0   BANK1   BANK3   BANK2
      Params:         0       0       0       0       0
      Locals:         2       0       0       0       0
      Temps:          0       0       0       0       0
      Totals:         2       0       0       0       0
Total ram usage:        2 bytes
 Hardware stack levels used:    1
 Hardware stack levels required when called:    1
 This function calls:
		Nothing
 This function is called by:
		_sprintf
 This function uses a non-reentrant model


 *************** function ___wmul *****************
 Defined at:
		line 15 in file "C:\Program Files\Microchip\xc8\v2.31\pic\sources\c90\common\Umul16.c"
 Parameters:    Size  Location     Type
  multiplier      2    2[COMMON] unsigned int 
  multiplicand    2    4[COMMON] unsigned int 
 Auto vars:     Size  Location     Type
  product         2    6[COMMON] unsigned int 
 Return value:  Size  Location     Type
                  2    2[COMMON] unsigned int 
 Registers used:
		wreg, status,2, status,0
 Tracked objects:
		On entry : 
		On exit  : 
		Unchanged: 
 Data sizes:     COMMON   BANK0   BANK1   BANK3   BANK2
      Params:         4       0       0       0       0
      Locals:         2       0       0       0       0
      Temps:          0       0       0       0       0
      Totals:         6       0       0       0       0
Total ram usage:        6 bytes
 Hardware stack levels used:    1
 Hardware stack levels required when called:    1
 This function calls:
		Nothing
 This function is called by:
		_sprintf
 This function uses a non-reentrant model


 *************** function ___lwmod *****************
 Defined at:
		line 5 in file "C:\Program Files\Microchip\xc8\v2.31\pic\sources\c90\common\lwmod.c"
 Parameters:    Size  Location     Type
  divisor         2    0[BANK0 ] unsigned int 
  dividend        2    2[BANK0 ] unsigned int 
 Auto vars:     Size  Location     Type
  counter         1   11[COMMON] unsigned char 
 Return value:  Size  Location     Type
                  2    0[BANK0 ] unsigned int 
 Registers used:
		wreg, status,2, status,0
 Tracked objects:
		On entry : 
		On exit  : 
		Unchanged: 
 Data sizes:     COMMON   BANK0   BANK1   BANK3   BANK2
      Params:         0       4       0       0       0
      Locals:         1       0       0       0       0
      Temps:          1       0       0       0       0
      Totals:         2       4       0       0       0
Total ram usage:        6 bytes
 Hardware stack levels used:    1
 Hardware stack levels required when called:    1
 This function calls:
		Nothing
 This function is called by:
		_main
		_sprintf
 This function uses a non-reentrant model


 *************** function ___lwdiv *****************
 Defined at:
		line 5 in file "C:\Program Files\Microchip\xc8\v2.31\pic\sources\c90\common\lwdiv.c"
 Parameters:    Size  Location     Type
  divisor         2    2[COMMON] unsigned int 
  dividend        2    4[COMMON] unsigned int 
 Auto vars:     Size  Location     Type
  quotient        2    7[COMMON] unsigned int 
  counter         1    9[COMMON] unsigned char 
 Return value:  Size  Location     Type
                  2    2[COMMON] unsigned int 
 Registers used:
		wreg, status,2, status,0
 Tracked objects:
		On entry : 
		On exit  : 
		Unchanged: 
 Data sizes:     COMMON   BANK0   BANK1   BANK3   BANK2
      Params:         4       0       0       0       0
      Locals:         3       0       0       0       0
      Temps:          1       0       0       0       0
      Totals:         8       0       0       0       0
Total ram usage:        8 bytes
 Hardware stack levels used:    1
 Hardware stack levels required when called:    1
 This function calls:
		Nothing
 This function is called by:
		_main
		_sprintf
 This function uses a non-reentrant model


 *************** function ___xxtofl *****************
 Defined at:
		line 10 in file "C:\Program Files\Microchip\xc8\v2.31\pic\sources\c90\common\xxtofl.c"
 Parameters:    Size  Location     Type
  sign            1    wreg     unsigned char 
  val             4    2[COMMON] long 
 Auto vars:     Size  Location     Type
  sign            1    0[BANK0 ] unsigned char 
  arg             4    2[BANK0 ] unsigned long 
  exp             1    1[BANK0 ] unsigned char 
 Return value:  Size  Location     Type
                  4    2[COMMON] unsigned char 
 Registers used:
		wreg, status,2, status,0
 Tracked objects:
		On entry : 
		On exit  : 
		Unchanged: 
 Data sizes:     COMMON   BANK0   BANK1   BANK3   BANK2
      Params:         4       0       0       0       0
      Locals:         0       6       0       0       0
      Temps:          4       0       0       0       0
      Totals:         8       6       0       0       0
Total ram usage:       14 bytes
 Hardware stack levels used:    1
 Hardware stack levels required when called:    1
 This function calls:
		Nothing
 This function is called by:
		_main
 This function uses a non-reentrant model


 *************** function ___fltol *****************
 Defined at:
		line 43 in file "C:\Program Files\Microchip\xc8\v2.31\pic\sources\c90\common\fltol.c"
 Parameters:    Size  Location     Type
  f1              4   52[BANK0 ] unsigned char 
 Auto vars:     Size  Location     Type
  exp1            1   62[BANK0 ] unsigned char 
  sign1           1   61[BANK0 ] unsigned char 
 Return value:  Size  Location     Type
                  4   52[BANK0 ] long 
 Registers used:
		wreg, status,2, status,0
 Tracked objects:
		On entry : 
		On exit  : 
		Unchanged: 
 Data sizes:     COMMON   BANK0   BANK1   BANK3   BANK2
      Params:         0       4       0       0       0
      Locals:         0       2       0       0       0
      Temps:          0       5       0       0       0
      Totals:         0      11       0       0       0
Total ram usage:       11 bytes
 Hardware stack levels used:    1
 Hardware stack levels required when called:    1
 This function calls:
		Nothing
 This function is called by:
		_main
 This function uses a non-reentrant model


 *************** function ___flmul *****************
 Defined at:
		line 8 in file "C:\Program Files\Microchip\xc8\v2.31\pic\sources\c90\common\sprcmul.c"
 Parameters:    Size  Location     Type
  b               4    0[BANK0 ] long 
  a               4    4[BANK0 ] long 
 Auto vars:     Size  Location     Type
  prod            4   20[BANK0 ] struct .
  grs             4   14[BANK0 ] unsigned long 
  temp            2   24[BANK0 ] struct .
  bexp            1   19[BANK0 ] unsigned char 
  aexp            1   18[BANK0 ] unsigned char 
  sign            1   13[BANK0 ] unsigned char 
 Return value:  Size  Location     Type
                  4    0[BANK0 ] unsigned char 
 Registers used:
		wreg, status,2, status,0, btemp+1, pclath, cstack
 Tracked objects:
		On entry : 
		On exit  : 
		Unchanged: 
 Data sizes:     COMMON   BANK0   BANK1   BANK3   BANK2
      Params:         0       8       0       0       0
      Locals:         0      13       0       0       0
      Temps:          0       5       0       0       0
      Totals:         0      26       0       0       0
Total ram usage:       26 bytes
 Hardware stack levels used:    1
 Hardware stack levels required when called:    2
 This function calls:
		__Umul8_16
 This function is called by:
		_main
 This function uses a non-reentrant model


 *************** function __Umul8_16 *****************
 Defined at:
		line 4 in file "C:\Program Files\Microchip\xc8\v2.31\pic\sources\c90\common\Umul8_16.c"
 Parameters:    Size  Location     Type
  multiplier      1    wreg     unsigned char 
  multiplicand    1    2[COMMON] unsigned char 
 Auto vars:     Size  Location     Type
  multiplier      1   10[COMMON] unsigned char 
  word_mpld       2    8[COMMON] unsigned int 
  product         2    6[COMMON] unsigned int 
 Return value:  Size  Location     Type
                  2    2[COMMON] unsigned int 
 Registers used:
		wreg, status,2, status,0
 Tracked objects:
		On entry : 
		On exit  : 
		Unchanged: 
 Data sizes:     COMMON   BANK0   BANK1   BANK3   BANK2
      Params:         2       0       0       0       0
      Locals:         5       0       0       0       0
      Temps:          2       0       0       0       0
      Totals:         9       0       0       0       0
Total ram usage:        9 bytes
 Hardware stack levels used:    1
 Hardware stack levels required when called:    1
 This function calls:
		Nothing
 This function is called by:
		___flmul
 This function uses a non-reentrant model


 *************** function ___fldiv *****************
 Defined at:
		line 8 in file "C:\Program Files\Microchip\xc8\v2.31\pic\sources\c90\common\sprcdiv.c"
 Parameters:    Size  Location     Type
  a               4   26[BANK0 ] unsigned int 
  b               4   30[BANK0 ] unsigned int 
 Auto vars:     Size  Location     Type
  grs             4   46[BANK0 ] unsigned long 
  rem             4   39[BANK0 ] unsigned long 
  new_exp         2   44[BANK0 ] int 
  aexp            1   51[BANK0 ] unsigned char 
  bexp            1   50[BANK0 ] unsigned char 
  sign            1   43[BANK0 ] unsigned char 
 Return value:  Size  Location     Type
                  4   26[BANK0 ] unsigned char 
 Registers used:
		wreg, status,2, status,0, btemp+1
 Tracked objects:
		On entry : 
		On exit  : 
		Unchanged: 
 Data sizes:     COMMON   BANK0   BANK1   BANK3   BANK2
      Params:         0       8       0       0       0
      Locals:         0      13       0       0       0
      Temps:          0       5       0       0       0
      Totals:         0      26       0       0       0
Total ram usage:       26 bytes
 Hardware stack levels used:    1
 Hardware stack levels required when called:    1
 This function calls:
		Nothing
 This function is called by:
		_main
 This function uses a non-reentrant model


 *************** function _SYSTEM_Initialize *****************
 Defined at:
		line 11 in file "lcs.c"
 Parameters:    Size  Location     Type
		None
 Auto vars:     Size  Location     Type
		None
 Return value:  Size  Location     Type
                  1    wreg      void 
 Registers used:
		wreg, status,2, status,0, pclath, cstack
 Tracked objects:
		On entry : 
		On exit  : 
		Unchanged: 
 Data sizes:     COMMON   BANK0   BANK1   BANK3   BANK2
      Params:         0       0       0       0       0
      Locals:         0       0       0       0       0
      Temps:          0       0       0       0       0
      Totals:         0       0       0       0       0
Total ram usage:        0 bytes
 Hardware stack levels used:    1
 Hardware stack levels required when called:    4
 This function calls:
		_LCD_Initialize
		_PORTS_MANAGER_Initialize
		_SPI_MANAGER_Initialize
 This function is called by:
		_main
 This function uses a non-reentrant model


 *************** function _SPI_MANAGER_Initialize *****************
 Defined at:
		line 11 in file "spi.c"
 Parameters:    Size  Location     Type
		None
 Auto vars:     Size  Location     Type
		None
 Return value:  Size  Location     Type
                  1    wreg      void 
 Registers used:
		wreg, status,2
 Tracked objects:
		On entry : 
		On exit  : 
		Unchanged: 
 Data sizes:     COMMON   BANK0   BANK1   BANK3   BANK2
      Params:         0       0       0       0       0
      Locals:         0       0       0       0       0
      Temps:          0       0       0       0       0
      Totals:         0       0       0       0       0
Total ram usage:        0 bytes
 Hardware stack levels used:    1
 Hardware stack levels required when called:    1
 This function calls:
		Nothing
 This function is called by:
		_SYSTEM_Initialize
 This function uses a non-reentrant model


 *************** function _PORTS_MANAGER_Initialize *****************
 Defined at:
		line 10 in file "ports_manager.c"
 Parameters:    Size  Location     Type
		None
 Auto vars:     Size  Location     Type
		None
 Return value:  Size  Location     Type
                  1    wreg      void 
 Registers used:
		status,2
 Tracked objects:
		On entry : 
		On exit  : 
		Unchanged: 
 Data sizes:     COMMON   BANK0   BANK1   BANK3   BANK2
      Params:         0       0       0       0       0
      Locals:         0       0       0       0       0
      Temps:          0       0       0       0       0
      Totals:         0       0       0       0       0
Total ram usage:        0 bytes
 Hardware stack levels used:    1
 Hardware stack levels required when called:    1
 This function calls:
		Nothing
 This function is called by:
		_SYSTEM_Initialize
 This function uses a non-reentrant model


 *************** function _LCD_Initialize *****************
 Defined at:
		line 47 in file "lcd.c"
 Parameters:    Size  Location     Type
		None
 Auto vars:     Size  Location     Type
		None
 Return value:  Size  Location     Type
                  1    wreg      void 
 Registers used:
		wreg, status,2, status,0, pclath, cstack
 Tracked objects:
		On entry : 
		On exit  : 
		Unchanged: 
 Data sizes:     COMMON   BANK0   BANK1   BANK3   BANK2
      Params:         0       0       0       0       0
      Locals:         0       0       0       0       0
      Temps:          2       0       0       0       0
      Totals:         2       0       0       0       0
Total ram usage:        2 bytes
 Hardware stack levels used:    1
 Hardware stack levels required when called:    3
 This function calls:
		_LCDPutCmd
 This function is called by:
		_SYSTEM_Initialize
 This function uses a non-reentrant model


 *************** function _LCDPutStr *****************
 Defined at:
		line 110 in file "lcd.c"
 Parameters:    Size  Location     Type
  str             2    7[COMMON] PTR const unsigned char 
		 -> Buffer2(20), Buffer1(20), Buffer(20), STR_1(17), 
 Auto vars:     Size  Location     Type
  i               1   10[COMMON] unsigned char 
 Return value:  Size  Location     Type
                  1    wreg      void 
 Registers used:
		wreg, fsr0l, fsr0h, status,2, status,0, btemp+1, pclath, cstack
 Tracked objects:
		On entry : 
		On exit  : 
		Unchanged: 
 Data sizes:     COMMON   BANK0   BANK1   BANK3   BANK2
      Params:         2       0       0       0       0
      Locals:         1       0       0       0       0
      Temps:          1       0       0       0       0
      Totals:         4       0       0       0       0
Total ram usage:        4 bytes
 Hardware stack levels used:    1
 Hardware stack levels required when called:    3
 This function calls:
		_LCDPutChar
 This function is called by:
		_main
 This function uses a non-reentrant model


 *************** function _LCDPutChar *****************
 Defined at:
		line 94 in file "lcd.c"
 Parameters:    Size  Location     Type
  ch              1    wreg     unsigned char 
 Auto vars:     Size  Location     Type
  ch              1    6[COMMON] unsigned char 
 Return value:  Size  Location     Type
                  1    wreg      void 
 Registers used:
		wreg, status,2, status,0, pclath, cstack
 Tracked objects:
		On entry : 
		On exit  : 
		Unchanged: 
 Data sizes:     COMMON   BANK0   BANK1   BANK3   BANK2
      Params:         0       0       0       0       0
      Locals:         1       0       0       0       0
      Temps:          2       0       0       0       0
      Totals:         3       0       0       0       0
Total ram usage:        3 bytes
 Hardware stack levels used:    1
 Hardware stack levels required when called:    2
 This function calls:
		_LCDWrite
 This function is called by:
		_LCDPutStr
 This function uses a non-reentrant model


 *************** function _LCDGoto *****************
 Defined at:
		line 122 in file "lcd.c"
 Parameters:    Size  Location     Type
  pos             1    wreg     unsigned char 
  ln              1    7[COMMON] unsigned char 
 Auto vars:     Size  Location     Type
  pos             1    2[BANK0 ] unsigned char 
 Return value:  Size  Location     Type
                  1    wreg      void 
 Registers used:
		wreg, status,2, status,0, pclath, cstack
 Tracked objects:
		On entry : 
		On exit  : 
		Unchanged: 
 Data sizes:     COMMON   BANK0   BANK1   BANK3   BANK2
      Params:         1       0       0       0       0
      Locals:         0       3       0       0       0
      Temps:          2       0       0       0       0
      Totals:         3       3       0       0       0
Total ram usage:        6 bytes
 Hardware stack levels used:    1
 Hardware stack levels required when called:    3
 This function calls:
		_LCDPutCmd
 This function is called by:
		_main
 This function uses a non-reentrant model


 *************** function _LCDPutCmd *****************
 Defined at:
		line 102 in file "lcd.c"
 Parameters:    Size  Location     Type
  ch              1    wreg     unsigned char 
 Auto vars:     Size  Location     Type
  ch              1    6[COMMON] unsigned char 
 Return value:  Size  Location     Type
                  1    wreg      void 
 Registers used:
		wreg, status,2, status,0, pclath, cstack
 Tracked objects:
		On entry : 
		On exit  : 
		Unchanged: 
 Data sizes:     COMMON   BANK0   BANK1   BANK3   BANK2
      Params:         0       0       0       0       0
      Locals:         1       0       0       0       0
      Temps:          2       0       0       0       0
      Totals:         3       0       0       0       0
Total ram usage:        3 bytes
 Hardware stack levels used:    1
 Hardware stack levels required when called:    2
 This function calls:
		_LCDWrite
 This function is called by:
		_LCD_Initialize
		_LCDGoto
 This function uses a non-reentrant model


 *************** function _LCDWrite *****************
 Defined at:
		line 73 in file "lcd.c"
 Parameters:    Size  Location     Type
  ch              1    wreg     unsigned char 
  rs              1    2[COMMON] unsigned char 
 Auto vars:     Size  Location     Type
  ch              1    3[COMMON] unsigned char 
 Return value:  Size  Location     Type
                  1    wreg      void 
 Registers used:
		wreg, status,2, status,0
 Tracked objects:
		On entry : 
		On exit  : 
		Unchanged: 
 Data sizes:     COMMON   BANK0   BANK1   BANK3   BANK2
      Params:         1       0       0       0       0
      Locals:         1       0       0       0       0
      Temps:          0       0       0       0       0
      Totals:         2       0       0       0       0
Total ram usage:        2 bytes
 Hardware stack levels used:    1
 Hardware stack levels required when called:    1
 This function calls:
		Nothing
 This function is called by:
		_LCDPutChar
		_LCDPutCmd
 This function uses a non-reentrant model


 *************** function _myISR *****************
 Defined at:
		line 34 in file "main.c"
 Parameters:    Size  Location     Type
		None
 Auto vars:     Size  Location     Type
		None
 Return value:  Size  Location     Type
                  1    wreg      void 
 Registers used:
		None
 Tracked objects:
		On entry : 
		On exit  : 
		Unchanged: 
 Data sizes:     COMMON   BANK0   BANK1   BANK3   BANK2
      Params:         0       0       0       0       0
      Locals:         0       0       0       0       0
      Temps:          2       0       0       0       0
      Totals:         2       0       0       0       0
Total ram usage:        2 bytes
 Hardware stack levels used:    1
 This function calls:
		Nothing
 This function is called by:
		Interrupt level 1
 This function uses a non-reentrant model



MODULE INFORMATION

Module		Function		Class		Link	Load	Size
C:\Program Files\Microchip\xc8\v2.31\pic\sources\c90\common\sprcmul.c
		___flmul       		CODE           	0024	0000	865

C:\Program Files\Microchip\xc8\v2.31\pic\sources\c90\common\sprcmul.c estimated size: 865

C:\Program Files\Microchip\xc8\v2.31\pic\sources\c90\common\sprcdiv.c
		___fldiv       		CODE           	0385	0000	477

C:\Program Files\Microchip\xc8\v2.31\pic\sources\c90\common\sprcdiv.c estimated size: 477

C:\Program Files\Microchip\xc8\v2.31\pic\sources\c90\common\Umul8_16.c
		__Umul8_16     		CODE           	0D11	0000	39

C:\Program Files\Microchip\xc8\v2.31\pic\sources\c90\common\Umul8_16.c estimated size: 39

C:\Program Files\Microchip\xc8\v2.31\pic\sources\c90\common\doprnt.c
		_sprintf       		CODE           	0E78	0000	392

C:\Program Files\Microchip\xc8\v2.31\pic\sources\c90\common\doprnt.c estimated size: 392

C:\Program Files\Microchip\xc8\v2.31\pic\sources\c90\common\lwmod.c
		___lwmod       		CODE           	0DC0	0000	60

C:\Program Files\Microchip\xc8\v2.31\pic\sources\c90\common\lwmod.c estimated size: 60

C:\Program Files\Microchip\xc8\v2.31\pic\sources\c90\common\Umul16.c
		___wmul        		CODE           	0CEC	0000	37

C:\Program Files\Microchip\xc8\v2.31\pic\sources\c90\common\Umul16.c estimated size: 37

C:\Program Files\Microchip\xc8\v2.31\pic\sources\c90\common\isdigit.c
		_isdigit       		CODE           	0CA7	0000	18

C:\Program Files\Microchip\xc8\v2.31\pic\sources\c90\common\isdigit.c estimated size: 18

ports_manager.c
		_PORTS_MANAGER_Initialize		CODE           	0CCC	0000	32

ports_manager.c estimated size: 32

spi.c
		_SPI_MANAGER_Initialize		CODE           	0C69	0000	12

spi.c estimated size: 12

C:\Program Files\Microchip\xc8\v2.31\pic\sources\c90\common\lwdiv.c
		___lwdiv       		CODE           	07B6	0000	68

C:\Program Files\Microchip\xc8\v2.31\pic\sources\c90\common\lwdiv.c estimated size: 68

shared
		__stringtab    		STRING         	0800	0000	16
		_dpowers       		STRING         	0810	0000	10
		__initialization		CODE           	000F	0000	17

shared estimated size: 43

C:\Program Files\Microchip\xc8\v2.31\pic\sources\c90\common\fltol.c
		___fltol       		CODE           	0DFC	0000	124

C:\Program Files\Microchip\xc8\v2.31\pic\sources\c90\common\fltol.c estimated size: 124

C:\Program Files\Microchip\xc8\v2.31\pic\sources\c90\common\xxtofl.c
		___xxtofl      		CODE           	06FA	0000	188

C:\Program Files\Microchip\xc8\v2.31\pic\sources\c90\common\xxtofl.c estimated size: 188

lcd.c
		_LCDPutCmd     		CODE           	0C95	0000	18
		_LCDPutStr     		CODE           	0D38	0000	43
		_LCDWrite      		CODE           	0C75	0000	16
		_LCDPutChar    		CODE           	0CB9	0000	19
		_LCD_Initialize		CODE           	0D63	0000	45
		_LCDGoto       		CODE           	0D90	0000	48

lcd.c estimated size: 189

lcs.c
		_SYSTEM_Initialize		CODE           	0C85	0000	16

lcs.c estimated size: 16

main.c
		_myISR         		CODE           	0C5A	0000	7
		_main          		CODE           	0562	0000	408

main.c estimated size: 415

